Component: ARM Compiler 6.16 Tool: armlink [5dfeaa00]

==============================================================================

Section Cross References

    startup_stm32h723xx.o(RESET) refers to startup_stm32h723xx.o(STACK) for __initial_sp
    startup_stm32h723xx.o(RESET) refers to startup_stm32h723xx.o(.text) for Reset_Handler
    startup_stm32h723xx.o(RESET) refers to stm32h7xx_it.o(.text.NMI_Handler) for NMI_Handler
    startup_stm32h723xx.o(RESET) refers to stm32h7xx_it.o(.text.HardFault_Handler) for HardFault_Handler
    startup_stm32h723xx.o(RESET) refers to stm32h7xx_it.o(.text.MemManage_Handler) for MemManage_Handler
    startup_stm32h723xx.o(RESET) refers to stm32h7xx_it.o(.text.BusFault_Handler) for BusFault_Handler
    startup_stm32h723xx.o(RESET) refers to stm32h7xx_it.o(.text.UsageFault_Handler) for UsageFault_Handler
    startup_stm32h723xx.o(RESET) refers to stm32h7xx_it.o(.text.SVC_Handler) for SVC_Handler
    startup_stm32h723xx.o(RESET) refers to stm32h7xx_it.o(.text.DebugMon_Handler) for DebugMon_Handler
    startup_stm32h723xx.o(RESET) refers to stm32h7xx_it.o(.text.PendSV_Handler) for PendSV_Handler
    startup_stm32h723xx.o(RESET) refers to stm32h7xx_it.o(.text.SysTick_Handler) for SysTick_Handler
    startup_stm32h723xx.o(RESET) refers to stm32h7xx_it.o(.text.DMA1_Stream0_IRQHandler) for DMA1_Stream0_IRQHandler
    startup_stm32h723xx.o(RESET) refers to stm32h7xx_it.o(.text.EXTI15_10_IRQHandler) for EXTI15_10_IRQHandler
    startup_stm32h723xx.o(.text) refers to system_stm32h7xx.o(.text.ExitRun0Mode) for ExitRun0Mode
    startup_stm32h723xx.o(.text) refers to system_stm32h7xx.o(.text.SystemInit) for SystemInit
    startup_stm32h723xx.o(.text) refers to entry.o(.ARM.Collect$$$$00000000) for __main
    main.o(.text.main) refers to main.o(.text.MPU_Config) for MPU_Config
    main.o(.text.main) refers to stm32h7xx_hal.o(.text.HAL_Init) for HAL_Init
    main.o(.text.main) refers to main.o(.text.SystemClock_Config) for SystemClock_Config
    main.o(.text.main) refers to gpio.o(.text.MX_GPIO_Init) for MX_GPIO_Init
    main.o(.text.main) refers to dma.o(.text.MX_DMA_Init) for MX_DMA_Init
    main.o(.text.main) refers to tim.o(.text.MX_TIM1_Init) for MX_TIM1_Init
    main.o(.text.main) refers to tim.o(.text.MX_TIM8_Init) for MX_TIM8_Init
    main.o(.text.main) refers to adc.o(.text.MX_ADC1_Init) for MX_ADC1_Init
    main.o(.text.main) refers to spi.o(.text.MX_SPI1_Init) for MX_SPI1_Init
    main.o(.text.main) refers to spi.o(.text.MX_SPI2_Init) for MX_SPI2_Init
    main.o(.text.main) refers to spi.o(.text.MX_SPI3_Init) for MX_SPI3_Init
    main.o(.text.main) refers to dac.o(.text.MX_DAC1_Init) for MX_DAC1_Init
    main.o(.text.main) refers to usart.o(.text.MX_USART1_UART_Init) for MX_USART1_UART_Init
    main.o(.text.main) refers to tim.o(.text.MX_TIM7_Init) for MX_TIM7_Init
    main.o(.text.main) refers to usermain.o(.text.usermain) for usermain
    main.o(.ARM.exidx.text.main) refers to main.o(.text.main) for [Anonymous Symbol]
    main.o(.text.MPU_Config) refers to stm32h7xx_hal_cortex.o(.text.HAL_MPU_Disable) for HAL_MPU_Disable
    main.o(.text.MPU_Config) refers to stm32h7xx_hal_cortex.o(.text.HAL_MPU_ConfigRegion) for HAL_MPU_ConfigRegion
    main.o(.text.MPU_Config) refers to stm32h7xx_hal_cortex.o(.text.HAL_MPU_Enable) for HAL_MPU_Enable
    main.o(.ARM.exidx.text.MPU_Config) refers to main.o(.text.MPU_Config) for [Anonymous Symbol]
    main.o(.text.SystemClock_Config) refers to memseta.o(.text) for __aeabi_memclr4
    main.o(.text.SystemClock_Config) refers to stm32h7xx_hal_pwr_ex.o(.text.HAL_PWREx_ConfigSupply) for HAL_PWREx_ConfigSupply
    main.o(.text.SystemClock_Config) refers to stm32h7xx_hal_rcc.o(.text.HAL_RCC_OscConfig) for HAL_RCC_OscConfig
    main.o(.text.SystemClock_Config) refers to main.o(.text.Error_Handler) for Error_Handler
    main.o(.text.SystemClock_Config) refers to stm32h7xx_hal_rcc.o(.text.HAL_RCC_ClockConfig) for HAL_RCC_ClockConfig
    main.o(.ARM.exidx.text.SystemClock_Config) refers to main.o(.text.SystemClock_Config) for [Anonymous Symbol]
    main.o(.ARM.exidx.text.Error_Handler) refers to main.o(.text.Error_Handler) for [Anonymous Symbol]
    gpio.o(.text.MX_GPIO_Init) refers to stm32h7xx_hal_gpio.o(.text.HAL_GPIO_WritePin) for HAL_GPIO_WritePin
    gpio.o(.text.MX_GPIO_Init) refers to stm32h7xx_hal_gpio.o(.text.HAL_GPIO_Init) for HAL_GPIO_Init
    gpio.o(.text.MX_GPIO_Init) refers to stm32h7xx_hal.o(.text.HAL_SYSCFG_AnalogSwitchConfig) for HAL_SYSCFG_AnalogSwitchConfig
    gpio.o(.text.MX_GPIO_Init) refers to stm32h7xx_hal_cortex.o(.text.HAL_NVIC_SetPriority) for HAL_NVIC_SetPriority
    gpio.o(.text.MX_GPIO_Init) refers to stm32h7xx_hal_cortex.o(.text.HAL_NVIC_EnableIRQ) for HAL_NVIC_EnableIRQ
    gpio.o(.ARM.exidx.text.MX_GPIO_Init) refers to gpio.o(.text.MX_GPIO_Init) for [Anonymous Symbol]
    adc.o(.text.MX_ADC1_Init) refers to memseta.o(.text) for __aeabi_memclr4
    adc.o(.text.MX_ADC1_Init) refers to adc.o(.bss.hadc1) for hadc1
[...]
    [Anonymous Symbol]                       0x0800dd70   Section        0  stm32h7xx_hal_tim.o(.text.TIM_TI1_ConfigInputStage)
    TIM_TI2_ConfigInputStage                 0x0800ddc1   Thumb Code    82  stm32h7xx_hal_tim.o(.text.TIM_TI2_ConfigInputStage)
    [Anonymous Symbol]                       0x0800ddc0   Section        0  stm32h7xx_hal_tim.o(.text.TIM_TI2_ConfigInputStage)
    UARTEx_SetNbDataToProcess                0x0800de19   Thumb Code   134  stm32h7xx_hal_uart_ex.o(.text.UARTEx_SetNbDataToProcess)
    [Anonymous Symbol]                       0x0800de18   Section        0  stm32h7xx_hal_uart_ex.o(.text.UARTEx_SetNbDataToProcess)
    [Anonymous Symbol]                       0x0800dea0   Section        0  stm32h7xx_hal_uart.o(.text.UART_AdvFeatureConfig)
    [Anonymous Symbol]                       0x0800dfe8   Section        0  stm32h7xx_hal_uart.o(.text.UART_CheckIdleState)
    UART_EndRxTransfer                       0x0800e131   Thumb Code   158  stm32h7xx_hal_uart.o(.text.UART_EndRxTransfer)
    [Anonymous Symbol]                       0x0800e130   Section        0  stm32h7xx_hal_uart.o(.text.UART_EndRxTransfer)
    [Anonymous Symbol]                       0x0800e1d0   Section        0  stm32h7xx_hal_uart.o(.text.UART_SetConfig)
    [Anonymous Symbol]                       0x0800ec20   Section        0  stm32h7xx_hal_uart.o(.text.UART_WaitOnFlagUntilTimeout)
    [Anonymous Symbol]                       0x0800ed30   Section        0  stm32h7xx_it.o(.text.UsageFault_Handler)
    __NVIC_EnableIRQ                         0x0800ed39   Thumb Code    48  stm32h7xx_hal_cortex.o(.text.__NVIC_EnableIRQ)
    [Anonymous Symbol]                       0x0800ed38   Section        0  stm32h7xx_hal_cortex.o(.text.__NVIC_EnableIRQ)
    __NVIC_GetPriorityGrouping               0x0800ed69   Thumb Code    16  stm32h7xx_hal_cortex.o(.text.__NVIC_GetPriorityGrouping)
    [Anonymous Symbol]                       0x0800ed68   Section        0  stm32h7xx_hal_cortex.o(.text.__NVIC_GetPriorityGrouping)
    __NVIC_SetPriority                       0x0800ed79   Thumb Code    66  stm32h7xx_hal_cortex.o(.text.__NVIC_SetPriority)
    [Anonymous Symbol]                       0x0800ed78   Section        0  stm32h7xx_hal_cortex.o(.text.__NVIC_SetPriority)
    __NVIC_SetPriorityGrouping               0x0800edc1   Thumb Code    60  stm32h7xx_hal_cortex.o(.text.__NVIC_SetPriorityGrouping)
    [Anonymous Symbol]                       0x0800edc0   Section        0  stm32h7xx_hal_cortex.o(.text.__NVIC_SetPriorityGrouping)
    [Anonymous Symbol]                       0x0800ee00   Section        0  coordinate_transform.o(.text.abc_2_dq)
    [Anonymous Symbol]                       0x0800ef00   Section        0  curr_sample.o(.text.adc_2_curr)
    [Anonymous Symbol]                       0x0800ef60   Section        0  ad2s1210.o(.text.delay_us)
    [Anonymous Symbol]                       0x0800efc0   Section        0  coordinate_transform.o(.text.dq_2_abc)
    [Anonymous Symbol]                       0x0800f0a0   Section        0  drivefoc.o(.text.drive_foc_calc)
    [Anonymous Symbol]                       0x0800f1b0   Section        0  svpwm.o(.text.e_svpwm)
    [Anonymous Symbol]                       0x0800f288   Section        0  foc_math.o(.text.get_max)
    [Anonymous Symbol]                       0x0800f308   Section        0  foc_math.o(.text.get_middle)
    [Anonymous Symbol]                       0x0800f370   Section        0  foc_math.o(.text.get_min)
    [Anonymous Symbol]                       0x0800f3f0   Section        0  hwit.o(.text.hw_curr_sample)
    [Anonymous Symbol]                       0x0800f698   Section        0  hwdac.o(.text.hw_dac_output)
    [Anonymous Symbol]                       0x0800f6a0   Section        0  hwinit.o(.text.hw_init)
    init                                     0x0800f829   Thumb Code    12  usermain.o(.text.init)
    [Anonymous Symbol]                       0x0800f828   Section        0  usermain.o(.text.init)
    [Anonymous Symbol]                       0x0800f838   Section        0  main.o(.text.main)
    [Anonymous Symbol]                       0x0800f880   Section        0  foc_math.o(.text.normalize)
    [Anonymous Symbol]                       0x0800f910   Section        0  userinit.o(.text.user_init)
    [Anonymous Symbol]                       0x0800f918   Section        0  usermain.o(.text.usermain)
    i.__ARM_fpclassifyf                      0x0800f922   Section        0  fpclassifyf.o(i.__ARM_fpclassifyf)
    i.__hardfp_cosf                          0x0800f948   Section        0  cosf.o(i.__hardfp_cosf)
    i.__hardfp_sinf                          0x0800fa98   Section        0  sinf.o(i.__hardfp_sinf)
    i.__mathlib_flt_infnan                   0x0800fc28   Section        0  funder.o(i.__mathlib_flt_infnan)
    i.__mathlib_flt_invalid                  0x0800fc30   Section        0  funder.o(i.__mathlib_flt_invalid)
    i.__mathlib_flt_underflow                0x0800fc40   Section        0  funder.o(i.__mathlib_flt_underflow)
    i.__mathlib_rredf2                       0x0800fc50   Section        0  rredf.o(i.__mathlib_rredf2)
    i.__scatterload_copy                     0x0800fda4   Section       14  handlers.o(i.__scatterload_copy)
    i.__scatterload_null                     0x0800fdb2   Section        2  handlers.o(i.__scatterload_null)
    i.__scatterload_zeroinit                 0x0800fdb4   Section       14  handlers.o(i.__scatterload_zeroinit)
    i.__set_errno                            0x0800fdc4   Section        0  errno.o(i.__set_errno)
    twooverpi                                0x0800fdd0   Data          32  rredf.o(.constdata)
    .constdata                               0x0800fdd0   Section       32  rredf.o(.constdata)
    DMA_CalcBaseAndBitshift.flagBitshiftOffset 0x0800fe00   Data           8  stm32h7xx_hal_dma.o(.rodata.DMA_CalcBaseAndBitshift.flagBitshiftOffset)
    [Anonymous Symbol]                       0x0800fe00   Section        0  stm32h7xx_hal_dma.o(.rodata.DMA_CalcBaseAndBitshift.flagBitshiftOffset)
    UARTEx_SetNbDataToProcess.denominator    0x0800fe08   Data           8  stm32h7xx_hal_uart_ex.o(.rodata.UARTEx_SetNbDataToProcess.denominator)
    [Anonymous Symbol]                       0x0800fe08   Section        0  stm32h7xx_hal_uart_ex.o(.rodata.UARTEx_SetNbDataToProcess.denominator)
    UARTEx_SetNbDataToProcess.numerator      0x0800fe10   Data           8  stm32h7xx_hal_uart_ex.o(.rodata.UARTEx_SetNbDataToProcess.numerator)
    [Anonymous Symbol]                       0x0800fe10   Section        0  stm32h7xx_hal_uart_ex.o(.rodata.UARTEx_SetNbDataToProcess.numerator)
    _errno                                   0x20000000   Data           4  errno.o(.data)
    .data                                    0x20000000   Section        4  errno.o(.data)
    hw_curr_sample.adc_cnt                   0x200000b8   Data           4  hwit.o(.bss.hw_curr_sample.adc_cnt)
    [Anonymous Symbol]                       0x200000b8   Section        0  hwit.o(.bss.hw_curr_sample.adc_cnt)
    hw_curr_sample.adc_v1_offset_sum         0x200000bc   Data           4  hwit.o(.bss.hw_curr_sample.adc_v1_offset_sum)
    [Anonymous Symbol]                       0x200000bc   Section        0  hwit.o(.bss.hw_curr_sample.adc_v1_offset_sum)
    hw_curr_sample.adc_v2_offset_sum         0x200000c0   Data           4  hwit.o(.bss.hw_curr_sample.adc_v2_offset_sum)
    [Anonymous Symbol]                       0x200000c0   Section        0  hwit.o(.bss.hw_curr_sample.adc_v2_offset_sum)
    STACK                                    0x200000c8   Section     1024  startup_stm32h723xx.o(STACK)
    hw_curr_sample.adc_u1_offset_sum         0x240004b8   Data           4  hwit.o(.bss.hw_curr_sample.adc_u1_offset_sum)
    [Anonymous Symbol]                       0x240004b8   Section        0  hwit.o(.bss.hw_curr_sample.adc_u1_offset_sum)
    hw_curr_sample.adc_u2_offset_sum         0x240004bc   Data           4  hwit.o(.bss.hw_curr_sample.adc_u2_offset_sum)
    [Anonymous Symbol]                       0x240004bc   Section        0  hwit.o(.bss.hw_curr_sample.adc_u2_offset_sum)

    Global Symbols

    Symbol Name                              Value     Ov Type        Size  Object(Section)

    BuildAttributes$$THM_ISAv4$E$P$D$K$B$S$7EM$VFPv5_D16$PE$PLD8$A:L22UL41UL21$X:L11$S22US41US21$IEEE1$IW$~IW$USESV6$~STKCKD$USESV7$~SHL$OTIME$ROPI$IEEEX$EBA8$MICROLIB$REQ8$PRES8$EABIv2 0x00000000   Number         0  anon$$obj.o ABSOLUTE
    __cpp_initialize__aeabi_                  - Undefined Weak Reference
    __cxa_finalize                            - Undefined Weak Reference
    __decompress                              - Undefined Weak Reference
    _clock_init                               - Undefined Weak Reference
    _microlib_exit                            - Undefined Weak Reference
    __Vectors_Size                           0x000002cc   Number         0  startup_stm32h723xx.o ABSOLUTE
    __Vectors                                0x08000000   Data           4  startup_stm32h723xx.o(RESET)
    __Vectors_End                            0x080002cc   Data           0  startup_stm32h723xx.o(RESET)
    __main                                   0x080002cd   Thumb Code     0  entry.o(.ARM.Collect$$$$00000000)
    _main_stk                                0x080002cd   Thumb Code     0  entry2.o(.ARM.Collect$$$$00000001)
    _main_scatterload                        0x080002d1   Thumb Code     0  entry5.o(.ARM.Collect$$$$00000004)
    __main_after_scatterload                 0x080002d5   Thumb Code     0  entry5.o(.ARM.Collect$$$$00000004)
    _main_clock                              0x080002d5   Thumb Code     0  entry7b.o(.ARM.Collect$$$$00000008)
    _main_cpp_init                           0x080002d5   Thumb Code     0  entry8b.o(.ARM.Collect$$$$0000000A)
    _main_init                               0x080002d5   Thumb Code     0  entry9a.o(.ARM.Collect$$$$0000000B)
    __rt_final_cpp                           0x080002dd   Thumb Code     0  entry10a.o(.ARM.Collect$$$$0000000D)
    __rt_final_exit                          0x080002dd   Thumb Code     0  entry11a.o(.ARM.Collect$$$$0000000F)
    Reset_Handler                            0x080002e1   Thumb Code    12  startup_stm32h723xx.o(.text)
    ADC3_IRQHandler                          0x080002ff   Thumb Code     0  startup_stm32h723xx.o(.text)
    ADC_IRQHandler                           0x080002ff   Thumb Code     0  startup_stm32h723xx.o(.text)
    BDMA_Channel0_IRQHandler                 0x080002ff   Thumb Code     0  startup_stm32h723xx.o(.text)
    BDMA_Channel1_IRQHandler                 0x080002ff   Thumb Code     0  startup_stm32h723xx.o(.text)
    BDMA_Channel2_IRQHandler                 0x080002ff   Thumb Code     0  startup_stm32h723xx.o(.text)
    BDMA_Channel3_IRQHandler                 0x080002ff   Thumb Code     0  startup_stm32h723xx.o(.text)
    BDMA_Channel4_IRQHandler                 0x080002ff   Thumb Code     0  startup_stm32h723xx.o(.text)
    BDMA_Channel5_IRQHandler                 0x080002ff   Thumb Code     0  startup_stm32h723xx.o(.text)
    BDMA_Channel6_IRQHandler                 0x080002ff   Thumb Code     0  startup_stm32h723xx.o(.text)
    BDMA_Channel7_IRQHandler                 0x080002ff   Thumb Code     0  startup_stm32h723xx.o(.text)
    CEC_IRQHandler                           0x080002ff   Thumb Code     0  startup_stm32h723xx.o(.text)
    COMP1_IRQHandler                         0x080002ff   Thumb Code     0  startup_stm32h723xx.o(.text)
    CORDIC_IRQHandler                        0x080002ff   Thumb Code     0  startup_stm32h723xx.o(.text)
    CRS_IRQHandler                           0x080002ff   Thumb Code     0  startup_stm32h723xx.o(.text)
    DCMI_PSSI_IRQHandler                     0x080002ff   Thumb Code     0  startup_stm32h723xx.o(.text)
    DFSDM1_FLT0_IRQHandler                   0x080002ff   Thumb Code     0  startup_stm32h723xx.o(.text)
    DFSDM1_FLT1_IRQHandler                   0x080002ff   Thumb Code     0  startup_stm32h723xx.o(.text)
    DFSDM1_FLT2_IRQHandler                   0x080002ff   Thumb Code     0  startup_stm32h723xx.o(.text)
    DFSDM1_FLT3_IRQHandler                   0x080002ff   Thumb Code     0  startup_stm32h723xx.o(.text)
    DMA1_Stream1_IRQHandler                  0x080002ff   Thumb Code     0  startup_stm32h723xx.o(.text)
    DMA1_Stream2_IRQHandler                  0x080002ff   Thumb Code     0  startup_stm32h723xx.o(.text)
    DMA1_Stream3_IRQHandler                  0x080002ff   Thumb Code     0  startup_stm32h723xx.o(.text)
    DMA1_Stream4_IRQHandler                  0x080002ff   Thumb Code     0  startup_stm32h723xx.o(.text)
    DMA1_Stream5_IRQHandler                  0x080002ff   Thumb Code     0  startup_stm32h723xx.o(.text)
    DMA1_Stream6_IRQHandler                  0x080002ff   Thumb Code     0  startup_stm32h723xx.o(.text)
    DMA1_Stream7_IRQHandler                  0x080002ff   Thumb Code     0  startup_stm32h723xx.o(.text)
    DMA2D_IRQHandler                         0x080002ff   Thumb Code     0  startup_stm32h723xx.o(.text)
    DMA2_Stream0_IRQHandler                  0x080002ff   Thumb Code     0  startup_stm32h723xx.o(.text)
    DMA2_Stream1_IRQHandler                  0x080002ff   Thumb Code     0  startup_stm32h723xx.o(.text)
    DMA2_Stream2_IRQHandler                  0x080002ff   Thumb Code     0  startup_stm32h723xx.o(.text)
    DMA2_Stream3_IRQHandler                  0x080002ff   Thumb Code     0  startup_stm32h723xx.o(.text)
    DMA2_Stream4_IRQHandler                  0x080002ff   Thumb Code     0  startup_stm32h723xx.o(.text)
    DMA2_Stream5_IRQHandler                  0x080002ff   Thumb Code     0  startup_stm32h723xx.o(.text)
    DMA2_Stream6_IRQHandler                  0x080002ff   Thumb Code     0  startup_stm32h723xx.o(.text)
    DMA2_Stream7_IRQHandler                  0x080002ff   Thumb Code     0  startup_stm32h723xx.o(.text)
    DMAMUX1_OVR_IRQHandler                   0x080002ff   Thumb Code     0  startup_stm32h723xx.o(.text)
    DMAMUX2_OVR_IRQHandler                   0x080002ff   Thumb Code     0  startup_stm32h723xx.o(.text)
    DTS_IRQHandler                           0x080002ff   Thumb Code     0  startup_stm32h723xx.o(.text)
    ECC_IRQHandler                           0x080002ff   Thumb Code     0  startup_stm32h723xx.o(.text)
    ETH_IRQHandler                           0x080002ff   Thumb Code     0  startup_stm32h723xx.o(.text)
    ETH_WKUP_IRQHandler                      0x080002ff   Thumb Code     0  startup_stm32h723xx.o(.text)
    EXTI0_IRQHandler                         0x080002ff   Thumb Code     0  startup_stm32h723xx.o(.text)
    EXTI1_IRQHandler                         0x080002ff   Thumb Code     0  startup_stm32h723xx.o(.text)
    EXTI2_IRQHandler                         0x080002ff   Thumb Code     0  startup_stm32h723xx.o(.text)
    EXTI3_IRQHandler                         0x080002ff   Thumb Code     0  startup_stm32h723xx.o(.text)
    EXTI4_IRQHandler                         0x080002ff   Thumb Code     0  startup_stm32h723xx.o(.text)
    EXTI9_5_IRQHandler                       0x080002ff   Thumb Code     0  startup_stm32h723xx.o(.text)
    FDCAN1_IT0_IRQHandler                    0x080002ff   Thumb Code     0  startup_stm32h723xx.o(.text)
    FDCAN1_IT1_IRQHandler                    0x080002ff   Thumb Code     0  startup_stm32h723xx.o(.text)
    FDCAN2_IT0_IRQHandler                    0x080002ff   Thumb Code     0  startup_stm32h723xx.o(.text)
    FDCAN2_IT1_IRQHandler                    0x080002ff   Thumb Code     0  startup_stm32h723xx.o(.text)
    FDCAN3_IT0_IRQHandler                    0x080002ff   Thumb Code     0  startup_stm32h723xx.o(.text)
    FDCAN3_IT1_IRQHandler                    0x080002ff   Thumb Code     0  startup_stm32h723xx.o(.text)
    FDCAN_CAL_IRQHandler                     0x080002ff   Thumb Code     0  startup_stm32h723xx.o(.text)
    FLASH_IRQHandler                         0x080002ff   Thumb Code     0  startup_stm32h723xx.o(.text)
    FMAC_IRQHandler                          0x080002ff   Thumb Code     0  startup_stm32h723xx.o(.text)
    FMC_IRQHandler                           0x080002ff   Thumb Code     0  startup_stm32h723xx.o(.text)
    FPU_IRQHandler                           0x080002ff   Thumb Code     0  startup_stm32h723xx.o(.text)
    HSEM1_IRQHandler                         0x080002ff   Thumb Code     0  startup_stm32h723xx.o(.text)
    I2C1_ER_IRQHandler                       0x080002ff   Thumb Code     0  startup_stm32h723xx.o(.text)
    I2C1_EV_IRQHandler                       0x080002ff   Thumb Code     0  startup_stm32h723xx.o(.text)
    I2C2_ER_IRQHandler                       0x080002ff   Thumb Code     0  startup_stm32h723xx.o(.text)
    I2C2_EV_IRQHandler                       0x080002ff   Thumb Code     0  startup_stm32h723xx.o(.text)
    I2C3_ER_IRQHandler                       0x080002ff   Thumb Code     0  startup_stm32h723xx.o(.text)
    I2C3_EV_IRQHandler                       0x080002ff   Thumb Code     0  startup_stm32h723xx.o(.text)
    I2C4_ER_IRQHandler                       0x080002ff   Thumb Code     0  startup_stm32h723xx.o(.text)
    I2C4_EV_IRQHandler                       0x080002ff   Thumb Code     0  startup_stm32h723xx.o(.text)
    I2C5_ER_IRQHandler                       0x080002ff   Thumb Code     0  startup_stm32h723xx.o(.text)
    I2C5_EV_IRQHandler                       0x080002ff   Thumb Code     0  startup_stm32h723xx.o(.text)
    LPTIM1_IRQHandler                        0x080002ff   Thumb Code     0  startup_stm32h723xx.o(.text)
    LPTIM2_IRQHandler                        0x080002ff   Thumb Code     0  startup_stm32h723xx.o(.text)
    LPTIM3_IRQHandler                        0x080002ff   Thumb Code     0  startup_stm32h723xx.o(.text)
    LPTIM4_IRQHandler                        0x080002ff   Thumb Code     0  startup_stm32h723xx.o(.text)
    LPTIM5_IRQHandler                        0x080002ff   Thumb Code     0  startup_stm32h723xx.o(.text)
    LPUART1_IRQHandler                       0x080002ff   Thumb Code     0  startup_stm32h723xx.o(.text)
    LTDC_ER_IRQHandler                       0x080002ff   Thumb Code     0  startup_stm32h723xx.o(.text)
    LTDC_IRQHandler                          0x080002ff   Thumb Code     0  startup_stm32h723xx.o(.text)
    MDIOS_IRQHandler                         0x080002ff   Thumb Code     0  startup_stm32h723xx.o(.text)
    MDIOS_WKUP_IRQHandler                    0x080002ff   Thumb Code     0  startup_stm32h723xx.o(.text)
    MDMA_IRQHandler                          0x080002ff   Thumb Code     0  startup_stm32h723xx.o(.text)
    OCTOSPI1_IRQHandler                      0x080002ff   Thumb Code     0  startup_stm32h723xx.o(.text)
    OCTOSPI2_IRQHandler                      0x080002ff   Thumb Code     0  startup_stm32h723xx.o(.text)
    OTG_HS_EP1_IN_IRQHandler                 0x080002ff   Thumb Code     0  startup_stm32h723xx.o(.text)
    OTG_HS_EP1_OUT_IRQHandler                0x080002ff   Thumb Code     0  startup_stm32h723xx.o(.text)
    OTG_HS_IRQHandler                        0x080002ff   Thumb Code     0  startup_stm32h723xx.o(.text)
    OTG_HS_WKUP_IRQHandler                   0x080002ff   Thumb Code     0  startup_stm32h723xx.o(.text)
    PVD_AVD_IRQHandler                       0x080002ff   Thumb Code     0  startup_stm32h723xx.o(.text)
    RCC_IRQHandler                           0x080002ff   Thumb Code     0  startup_stm32h723xx.o(.text)
    RNG_IRQHandler                           0x080002ff   Thumb Code     0  startup_stm32h723xx.o(.text)
    RTC_Alarm_IRQHandler                     0x080002ff   Thumb Code     0  startup_stm32h723xx.o(.text)
    RTC_WKUP_IRQHandler                      0x080002ff   Thumb Code     0  startup_stm32h723xx.o(.text)
    SAI1_IRQHandler                          0x080002ff   Thumb Code     0  startup_stm32h723xx.o(.text)
    SAI4_IRQHandler                          0x080002ff   Thumb Code     0  startup_stm32h723xx.o(.text)
    SDMMC1_IRQHandler                        0x080002ff   Thumb Code     0  startup_stm32h723xx.o(.text)
    SDMMC2_IRQHandler                        0x080002ff   Thumb Code     0  startup_stm32h723xx.o(.text)
    SPDIF_RX_IRQHandler                      0x080002ff   Thumb Code     0  startup_stm32h723xx.o(.text)
    SPI1_IRQHandler                          0x080002ff   Thumb Code     0  startup_stm32h723xx.o(.text)
    SPI2_IRQHandler                          0x080002ff   Thumb Code     0  startup_stm32h723xx.o(.text)
    SPI3_IRQHandler                          0x080002ff   Thumb Code     0  startup_stm32h723xx.o(.text)
    SPI4_IRQHandler                          0x080002ff   Thumb Code     0  startup_stm32h723xx.o(.text)
    SPI5_IRQHandler                          0x080002ff   Thumb Code     0  startup_stm32h723xx.o(.text)
    SPI6_IRQHandler                          0x080002ff   Thumb Code     0  startup_stm32h723xx.o(.text)
    SWPMI1_IRQHandler                        0x080002ff   Thumb Code     0  startup_stm32h723xx.o(.text)
    TAMP_STAMP_IRQHandler                    0x080002ff   Thumb Code     0  startup_stm32h723xx.o(.text)
    TIM15_IRQHandler                         0x080002ff   Thumb Code     0  startup_stm32h723xx.o(.text)
    TIM16_IRQHandler                         0x080002ff   Thumb Code     0  startup_stm32h723xx.o(.text)
    TIM17_IRQHandler                         0x080002ff   Thumb Code     0  startup_stm32h723xx.o(.text)
    TIM1_BRK_IRQHandler                      0x080002ff   Thumb Code     0  startup_stm32h723xx.o(.text)
    TIM1_CC_IRQHandler                       0x080002ff   Thumb Code     0  startup_stm32h723xx.o(.text)
    TIM1_TRG_COM_IRQHandler                  0x080002ff   Thumb Code     0  startup_stm32h723xx.o(.text)
    TIM1_UP_IRQHandler                       0x080002ff   Thumb Code     0  startup_stm32h723xx.o(.text)
    TIM23_IRQHandler                         0x080002ff   Thumb Code     0  startup_stm32h723xx.o(.text)
    TIM24_IRQHandler                         0x080002ff   Thumb Code     0  startup_stm32h723xx.o(.text)
    TIM2_IRQHandler                          0x080002ff   Thumb Code     0  startup_stm32h723xx.o(.text)
    TIM3_IRQHandler                          0x080002ff   Thumb Code     0  startup_stm32h723xx.o(.text)
    TIM4_IRQHandler                          0x080002ff   Thumb Code     0  startup_stm32h723xx.o(.text)
    TIM5_IRQHandler                          0x080002ff   Thumb Code     0  startup_stm32h723xx.o(.text)
    TIM6_DAC_IRQHandler                      0x080002ff   Thumb Code     0  startup_stm32h723xx.o(.text)
    TIM7_IRQHandler                          0x080002ff   Thumb Code     0  startup_stm32h723xx.o(.text)
    TIM8_BRK_TIM12_IRQHandler                0x080002ff   Thumb Code     0  startup_stm32h723xx.o(.text)
    TIM8_CC_IRQHandler                       0x080002ff   Thumb Code     0  startup_stm32h723xx.o(.text)
    TIM8_TRG_COM_TIM14_IRQHandler            0x080002ff   Thumb Code     0  startup_stm32h723xx.o(.text)
    TIM8_UP_TIM13_IRQHandler                 0x080002ff   Thumb Code     0  startup_stm32h723xx.o(.text)
    UART4_IRQHandler                         0x080002ff   Thumb Code     0  startup_stm32h723xx.o(.text)
    UART5_IRQHandler                         0x080002ff   Thumb Code     0  startup_stm32h723xx.o(.text)
    UART7_IRQHandler                         0x080002ff   Thumb Code     0  startup_stm32h723xx.o(.text)
    UART8_IRQHandler                         0x080002ff   Thumb Code     0  startup_stm32h723xx.o(.text)
    UART9_IRQHandler                         0x080002ff   Thumb Code     0  startup_stm32h723xx.o(.text)
    USART10_IRQHandler                       0x080002ff   Thumb Code     0  startup_stm32h723xx.o(.text)
    USART1_IRQHandler                        0x080002ff   Thumb Code     0  startup_stm32h723xx.o(.text)
    USART2_IRQHandler                        0x080002ff   Thumb Code     0  startup_stm32h723xx.o(.text)
    USART3_IRQHandler                        0x080002ff   Thumb Code     0  startup_stm32h723xx.o(.text)
    USART6_IRQHandler                        0x080002ff   Thumb Code     0  startup_stm32h723xx.o(.text)
    WAKEUP_PIN_IRQHandler                    0x080002ff   Thumb Code     0  startup_stm32h723xx.o(.text)
    WWDG_IRQHandler                          0x080002ff   Thumb Code     0  startup_stm32h723xx.o(.text)
    __aeabi_uldivmod                         0x0800030d   Thumb Code    98  uldiv.o(.text)
    __aeabi_memset                           0x0800036f   Thumb Code    14  memseta.o(.text)
    __aeabi_memset4                          0x0800036f   Thumb Code     0  memseta.o(.text)
    __aeabi_memset8                          0x0800036f   Thumb Code     0  memseta.o(.text)
    __aeabi_memclr                           0x0800037d   Thumb Code     4  memseta.o(.text)
    __aeabi_memclr4                          0x0800037d   Thumb Code     0  memseta.o(.text)
    __aeabi_memclr8                          0x0800037d   Thumb Code     0  memseta.o(.text)
    _memset$wrapper                          0x08000381   Thumb Code    18  memseta.o(.text)
    __aeabi_llsl                             0x08000393   Thumb Code    30  llshl.o(.text)
    _ll_shift_l                              0x08000393   Thumb Code     0  llshl.o(.text)
    __aeabi_llsr                             0x080003b1   Thumb Code    32  llushr.o(.text)
    _ll_ushift_r                             0x080003b1   Thumb Code     0  llushr.o(.text)
    __I$use$fp                               0x080003d1   Thumb Code     0  iusefp.o(.text)
    __scatterload                            0x080003d1   Thumb Code    28  init.o(.text)
    __scatterload_rt2                        0x080003d1   Thumb Code     0  init.o(.text)
    AD2S1210_Angle_Get                       0x080003f9   Thumb Code   172  ad2s1210.o(.text.AD2S1210_Angle_Get)
    AD2S1210_ChipSelect                      0x080004a9   Thumb Code   156  ad2s1210.o(.text.AD2S1210_ChipSelect)
    AD2S1210_HW_RESET                        0x080005f9   Thumb Code   152  ad2s1210.o(.text.AD2S1210_HW_RESET)
    AD2S1210_Init                            0x08000691   Thumb Code   122  ad2s1210.o(.text.AD2S1210_Init)
    AD2S1210_ModeSelect                      0x08000711   Thumb Code   268  ad2s1210.o(.text.AD2S1210_ModeSelect)
    AD2S1210_ReadPosition                    0x08000821   Thumb Code   128  ad2s1210.o(.text.AD2S1210_ReadPosition)
    AD2S1210_ReadVelocity                    0x080008a1   Thumb Code   128  ad2s1210.o(.text.AD2S1210_ReadVelocity)
    AD2S1210_Speed_Get                       0x08000921   Thumb Code   152  ad2s1210.o(.text.AD2S1210_Speed_Get)
    AD2S1210_WriteRegister                   0x08000a19   Thumb Code    66  ad2s1210.o(.text.AD2S1210_WriteRegister)
    AD2S1210_para_Init                       0x08000a81   Thumb Code    68  ad2s1210.o(.text.AD2S1210_para_Init)
    AD5676_init                              0x08000ae9   Thumb Code    64  hwdac.o(.text.AD5676_init)
    ADC_ConfigureBoostMode                   0x08000c49   Thumb Code   474  stm32h7xx_hal_adc.o(.text.ADC_ConfigureBoostMode)
    ADC_DMAConvCplt                          0x08000e29   Thumb Code   210  stm32h7xx_hal_adc.o(.text.ADC_DMAConvCplt)
    ADC_DMAError                             0x08000f01   Thumb Code    42  stm32h7xx_hal_adc.o(.text.ADC_DMAError)
    ADC_DMAHalfConvCplt                      0x08000f31   Thumb Code    22  stm32h7xx_hal_adc.o(.text.ADC_DMAHalfConvCplt)
    ADC_Disable                              0x08000f49   Thumb Code   196  stm32h7xx_hal_adc.o(.text.ADC_Disable)
    ADC_Enable                               0x08001011   Thumb Code   328  stm32h7xx_hal_adc.o(.text.ADC_Enable)
    BusFault_Handler                         0x08001159   Thumb Code     4  stm32h7xx_it.o(.text.BusFault_Handler)
    DMA1_Stream0_IRQHandler                  0x08001161   Thumb Code    16  stm32h7xx_it.o(.text.DMA1_Stream0_IRQHandler)
    DebugMon_Handler                         0x08001bf1   Thumb Code     2  stm32h7xx_it.o(.text.DebugMon_Handler)
    EXTI15_10_IRQHandler                     0x08001bf9   Thumb Code    12  stm32h7xx_it.o(.text.EXTI15_10_IRQHandler)
    Error_Handler                            0x08001c09   Thumb Code    14  main.o(.text.Error_Handler)
    ExitRun0Mode                             0x08001c19   Thumb Code    40  system_stm32h7xx.o(.text.ExitRun0Mode)
    HAL_ADCEx_Calibration_Start              0x08001c41   Thumb Code   228  stm32h7xx_hal_adc_ex.o(.text.HAL_ADCEx_Calibration_Start)
    HAL_ADCEx_MultiModeConfigChannel         0x08001d29   Thumb Code   658  stm32h7xx_hal_adc_ex.o(.text.HAL_ADCEx_MultiModeConfigChannel)
    HAL_ADC_ConfigChannel                    0x08001fc1   Thumb Code  3372  stm32h7xx_hal_adc.o(.text.HAL_ADC_ConfigChannel)
    HAL_ADC_ConvCpltCallback                 0x08002cf1   Thumb Code   230  usermain.o(.text.HAL_ADC_ConvCpltCallback)
    HAL_ADC_ConvHalfCpltCallback             0x08002dd9   Thumb Code     8  stm32h7xx_hal_adc.o(.text.HAL_ADC_ConvHalfCpltCallback)
    HAL_ADC_ErrorCallback                    0x08002de1   Thumb Code     8  stm32h7xx_hal_adc.o(.text.HAL_ADC_ErrorCallback)
    HAL_ADC_Init                             0x08002de9   Thumb Code  1282  stm32h7xx_hal_adc.o(.text.HAL_ADC_Init)
    HAL_ADC_MspInit                          0x080032f1   Thumb Code   396  adc.o(.text.HAL_ADC_MspInit)
    HAL_ADC_Start_DMA                        0x08003481   Thumb Code   522  stm32h7xx_hal_adc.o(.text.HAL_ADC_Start_DMA)
    HAL_DAC_ConfigChannel                    0x08003691   Thumb Code   704  stm32h7xx_hal_dac.o(.text.HAL_DAC_ConfigChannel)
    HAL_DAC_Init                             0x08003951   Thumb Code    74  stm32h7xx_hal_dac.o(.text.HAL_DAC_Init)
    HAL_DAC_MspInit                          0x080039a1   Thumb Code   126  dac.o(.text.HAL_DAC_MspInit)
    HAL_DAC_SetValue                         0x08003a21   Thumb Code    86  stm32h7xx_hal_dac.o(.text.HAL_DAC_SetValue)
    HAL_DAC_Start                            0x08003a79   Thumb Code   190  stm32h7xx_hal_dac.o(.text.HAL_DAC_Start)
    HAL_DMA_IRQHandler                       0x08003b39   Thumb Code  4544  stm32h7xx_hal_dma.o(.text.HAL_DMA_IRQHandler)
    HAL_DMA_Init                             0x08004cf9   Thumb Code  2402  stm32h7xx_hal_dma.o(.text.HAL_DMA_Init)
    HAL_DMA_Start_IT                         0x08005661   Thumb Code  1794  stm32h7xx_hal_dma.o(.text.HAL_DMA_Start_IT)
    HAL_Delay                                0x08005d69   Thumb Code    66  stm32h7xx_hal.o(.text.HAL_Delay)
    HAL_GPIO_EXTI_Callback                   0x08005db1   Thumb Code   186  usermain.o(.text.HAL_GPIO_EXTI_Callback)
    HAL_GPIO_EXTI_IRQHandler                 0x08005e71   Thumb Code    52  stm32h7xx_hal_gpio.o(.text.HAL_GPIO_EXTI_IRQHandler)
    HAL_GPIO_Init                            0x08005ea9   Thumb Code   936  stm32h7xx_hal_gpio.o(.text.HAL_GPIO_Init)
    HAL_GPIO_ReadPin                         0x08006251   Thumb Code    46  stm32h7xx_hal_gpio.o(.text.HAL_GPIO_ReadPin)
    HAL_GPIO_WritePin                        0x08006281   Thumb Code    46  stm32h7xx_hal_gpio.o(.text.HAL_GPIO_WritePin)
    HAL_GetTick                              0x080062b1   Thumb Code    12  stm32h7xx_hal.o(.text.HAL_GetTick)
    HAL_IncTick                              0x080062c1   Thumb Code    26  stm32h7xx_hal.o(.text.HAL_IncTick)
    HAL_Init                                 0x080062e1   Thumb Code   122  stm32h7xx_hal.o(.text.HAL_Init)
    HAL_InitTick                             0x08006361   Thumb Code   134  stm32h7xx_hal.o(.text.HAL_InitTick)
    HAL_MPU_ConfigRegion                     0x080063e9   Thumb Code   128  stm32h7xx_hal_cortex.o(.text.HAL_MPU_ConfigRegion)
    HAL_MPU_Disable                          0x08006469   Thumb Code    34  stm32h7xx_hal_cortex.o(.text.HAL_MPU_Disable)
    HAL_MPU_Enable                           0x08006491   Thumb Code    48  stm32h7xx_hal_cortex.o(.text.HAL_MPU_Enable)
    HAL_MspInit                              0x080064c1   Thumb Code    36  stm32h7xx_hal_msp.o(.text.HAL_MspInit)
    HAL_NVIC_EnableIRQ                       0x080064e9   Thumb Code    20  stm32h7xx_hal_cortex.o(.text.HAL_NVIC_EnableIRQ)
    HAL_NVIC_SetPriority                     0x08006501   Thumb Code    46  stm32h7xx_hal_cortex.o(.text.HAL_NVIC_SetPriority)
    HAL_NVIC_SetPriorityGrouping             0x08006531   Thumb Code    16  stm32h7xx_hal_cortex.o(.text.HAL_NVIC_SetPriorityGrouping)
    HAL_PWREx_ConfigSupply                   0x08006541   Thumb Code   162  stm32h7xx_hal_pwr_ex.o(.text.HAL_PWREx_ConfigSupply)
    HAL_RCCEx_GetD3PCLK1Freq                 0x080065e9   Thumb Code    38  stm32h7xx_hal_rcc_ex.o(.text.HAL_RCCEx_GetD3PCLK1Freq)
    HAL_RCCEx_GetPLL1ClockFreq               0x08006611   Thumb Code   684  stm32h7xx_hal_rcc_ex.o(.text.HAL_RCCEx_GetPLL1ClockFreq)
    HAL_RCCEx_GetPLL2ClockFreq               0x080068c1   Thumb Code   684  stm32h7xx_hal_rcc_ex.o(.text.HAL_RCCEx_GetPLL2ClockFreq)
    HAL_RCCEx_GetPLL3ClockFreq               0x08006b71   Thumb Code   684  stm32h7xx_hal_rcc_ex.o(.text.HAL_RCCEx_GetPLL3ClockFreq)
    HAL_RCCEx_GetPeriphCLKFreq               0x08006e21   Thumb Code  2770  stm32h7xx_hal_rcc_ex.o(.text.HAL_RCCEx_GetPeriphCLKFreq)
    HAL_RCCEx_PeriphCLKConfig                0x080078f9   Thumb Code  4076  stm32h7xx_hal_rcc_ex.o(.text.HAL_RCCEx_PeriphCLKConfig)
    HAL_RCC_ClockConfig                      0x080088e9   Thumb Code  1176  stm32h7xx_hal_rcc.o(.text.HAL_RCC_ClockConfig)
    HAL_RCC_GetHCLKFreq                      0x08008d81   Thumb Code    86  stm32h7xx_hal_rcc.o(.text.HAL_RCC_GetHCLKFreq)
    HAL_RCC_GetPCLK1Freq                     0x08008dd9   Thumb Code    38  stm32h7xx_hal_rcc.o(.text.HAL_RCC_GetPCLK1Freq)
    HAL_RCC_GetPCLK2Freq                     0x08008e01   Thumb Code    38  stm32h7xx_hal_rcc.o(.text.HAL_RCC_GetPCLK2Freq)
    HAL_RCC_GetSysClockFreq                  0x08008e29   Thumb Code   784  stm32h7xx_hal_rcc.o(.text.HAL_RCC_GetSysClockFreq)
    HAL_RCC_OscConfig                        0x08009139   Thumb Code  2592  stm32h7xx_hal_rcc.o(.text.HAL_RCC_OscConfig)
    HAL_SPI_Init                             0x08009b59   Thumb Code   658  stm32h7xx_hal_spi.o(.text.HAL_SPI_Init)
    HAL_SPI_MspInit                          0x08009df1   Thumb Code   458  spi.o(.text.HAL_SPI_MspInit)
    HAL_SPI_Receive                          0x08009fc1   Thumb Code  1232  stm32h7xx_hal_spi.o(.text.HAL_SPI_Receive)
    HAL_SPI_Transmit                         0x0800a491   Thumb Code   996  stm32h7xx_hal_spi.o(.text.HAL_SPI_Transmit)
    HAL_SYSCFG_AnalogSwitchConfig            0x0800a879   Thumb Code    30  stm32h7xx_hal.o(.text.HAL_SYSCFG_AnalogSwitchConfig)
    HAL_SYSTICK_Config                       0x0800a899   Thumb Code    16  stm32h7xx_hal_cortex.o(.text.HAL_SYSTICK_Config)
    HAL_TIMEx_ConfigBreakDeadTime            0x0800a8a9   Thumb Code   302  stm32h7xx_hal_tim_ex.o(.text.HAL_TIMEx_ConfigBreakDeadTime)
    HAL_TIMEx_MasterConfigSynchronization    0x0800a9d9   Thumb Code   380  stm32h7xx_hal_tim_ex.o(.text.HAL_TIMEx_MasterConfigSynchronization)
    HAL_TIMEx_PWMN_Start                     0x0800ab59   Thumb Code   452  stm32h7xx_hal_tim_ex.o(.text.HAL_TIMEx_PWMN_Start)
    HAL_TIM_Base_Init                        0x0800ad21   Thumb Code   168  stm32h7xx_hal_tim.o(.text.HAL_TIM_Base_Init)
    HAL_TIM_Base_MspInit                     0x0800adc9   Thumb Code   160  tim.o(.text.HAL_TIM_Base_MspInit)
    HAL_TIM_Base_Start                       0x0800ae69   Thumb Code   284  stm32h7xx_hal_tim.o(.text.HAL_TIM_Base_Start)
    HAL_TIM_Base_Stop                        0x0800af89   Thumb Code    70  stm32h7xx_hal_tim.o(.text.HAL_TIM_Base_Stop)
    HAL_TIM_ConfigClockSource                0x0800afd1   Thumb Code   464  stm32h7xx_hal_tim.o(.text.HAL_TIM_ConfigClockSource)
    HAL_TIM_MspPostInit                      0x0800b1a1   Thumb Code   320  tim.o(.text.HAL_TIM_MspPostInit)
    HAL_TIM_PWM_ConfigChannel                0x0800b2e1   Thumb Code   432  stm32h7xx_hal_tim.o(.text.HAL_TIM_PWM_ConfigChannel)
    HAL_TIM_PWM_Init                         0x0800b491   Thumb Code   168  stm32h7xx_hal_tim.o(.text.HAL_TIM_PWM_Init)
    HAL_TIM_PWM_MspInit                      0x0800b539   Thumb Code     8  stm32h7xx_hal_tim.o(.text.HAL_TIM_PWM_MspInit)
    HAL_TIM_PWM_Start                        0x0800b541   Thumb Code   674  stm32h7xx_hal_tim.o(.text.HAL_TIM_PWM_Start)
    HAL_UARTEx_DisableFifoMode               0x0800b7e9   Thumb Code   124  stm32h7xx_hal_uart_ex.o(.text.HAL_UARTEx_DisableFifoMode)
    HAL_UARTEx_SetRxFifoThreshold            0x0800b869   Thumb Code   140  stm32h7xx_hal_uart_ex.o(.text.HAL_UARTEx_SetRxFifoThreshold)
    HAL_UARTEx_SetTxFifoThreshold            0x0800b8f9   Thumb Code   140  stm32h7xx_hal_uart_ex.o(.text.HAL_UARTEx_SetTxFifoThreshold)
    HAL_UART_Init                            0x0800b989   Thumb Code   170  stm32h7xx_hal_uart.o(.text.HAL_UART_Init)
    HAL_UART_MspInit                         0x0800ba39   Thumb Code   168  usart.o(.text.HAL_UART_MspInit)
    HardFault_Handler                        0x0800bae1   Thumb Code     4  stm32h7xx_it.o(.text.HardFault_Handler)
    MX_ADC1_Init                             0x0800c091   Thumb Code   314  adc.o(.text.MX_ADC1_Init)
    MX_DAC1_Init                             0x0800c1d1   Thumb Code   114  dac.o(.text.MX_DAC1_Init)
    MX_DMA_Init                              0x0800c249   Thumb Code    56  dma.o(.text.MX_DMA_Init)
    MX_GPIO_Init                             0x0800c281   Thumb Code   624  gpio.o(.text.MX_GPIO_Init)
    MX_SPI1_Init                             0x0800c4f1   Thumb Code   110  spi.o(.text.MX_SPI1_Init)
    MX_SPI2_Init                             0x0800c561   Thumb Code   110  spi.o(.text.MX_SPI2_Init)
    MX_SPI3_Init                             0x0800c5d1   Thumb Code   110  spi.o(.text.MX_SPI3_Init)
    MX_TIM1_Init                             0x0800c641   Thumb Code   356  tim.o(.text.MX_TIM1_Init)
    MX_TIM7_Init                             0x0800c7a9   Thumb Code    92  tim.o(.text.MX_TIM7_Init)
    MX_TIM8_Init                             0x0800c809   Thumb Code   356  tim.o(.text.MX_TIM8_Init)
    MX_USART1_UART_Init                      0x0800c971   Thumb Code   146  usart.o(.text.MX_USART1_UART_Init)
    MemManage_Handler                        0x0800ca09   Thumb Code     4  stm32h7xx_it.o(.text.MemManage_Handler)
    NMI_Handler                              0x0800ca11   Thumb Code     4  stm32h7xx_it.o(.text.NMI_Handler)
    PID_Calc                                 0x0800ca89   Thumb Code   284  user_transfunc.o(.text.PID_Calc)
    PID_init                                 0x0800cba9   Thumb Code    48  user_transfunc.o(.text.PID_init)
    PendSV_Handler                           0x0800cbd9   Thumb Code     2  stm32h7xx_it.o(.text.PendSV_Handler)
    SVC_Handler                              0x0800d179   Thumb Code     2  stm32h7xx_it.o(.text.SVC_Handler)
    SysTick_Handler                          0x0800d1d9   Thumb Code     8  stm32h7xx_it.o(.text.SysTick_Handler)
    SystemClock_Config                       0x0800d1e1   Thumb Code   204  main.o(.text.SystemClock_Config)
    SystemInit                               0x0800d2b1   Thumb Code   358  system_stm32h7xx.o(.text.SystemInit)
    TIM_Base_SetConfig                       0x0800d419   Thumb Code   452  stm32h7xx_hal_tim.o(.text.TIM_Base_SetConfig)
    TIM_CCxChannelCmd                        0x0800d5e1   Thumb Code    54  stm32h7xx_hal_tim.o(.text.TIM_CCxChannelCmd)
    TIM_ETR_SetConfig                        0x0800d651   Thumb Code    52  stm32h7xx_hal_tim.o(.text.TIM_ETR_SetConfig)
    TIM_OC2_SetConfig                        0x0800d809   Thumb Code   364  stm32h7xx_hal_tim.o(.text.TIM_OC2_SetConfig)
    UART_AdvFeatureConfig                    0x0800dea1   Thumb Code   328  stm32h7xx_hal_uart.o(.text.UART_AdvFeatureConfig)
    UART_CheckIdleState                      0x0800dfe9   Thumb Code   326  stm32h7xx_hal_uart.o(.text.UART_CheckIdleState)
    UART_SetConfig                           0x0800e1d1   Thumb Code  2638  stm32h7xx_hal_uart.o(.text.UART_SetConfig)
    UART_WaitOnFlagUntilTimeout              0x0800ec21   Thumb Code   268  stm32h7xx_hal_uart.o(.text.UART_WaitOnFlagUntilTimeout)
    UsageFault_Handler                       0x0800ed31   Thumb Code     4  stm32h7xx_it.o(.text.UsageFault_Handler)
    abc_2_dq                                 0x0800ee01   Thumb Code   256  coordinate_transform.o(.text.abc_2_dq)
    adc_2_curr                               0x0800ef01   Thumb Code    92  curr_sample.o(.text.adc_2_curr)
    delay_us                                 0x0800ef61   Thumb Code    96  ad2s1210.o(.text.delay_us)
    dq_2_abc                                 0x0800efc1   Thumb Code   220  coordinate_transform.o(.text.dq_2_abc)
    drive_foc_calc                           0x0800f0a1   Thumb Code   268  drivefoc.o(.text.drive_foc_calc)
    e_svpwm                                  0x0800f1b1   Thumb Code   212  svpwm.o(.text.e_svpwm)
    get_max                                  0x0800f289   Thumb Code   126  foc_math.o(.text.get_max)
    get_middle                               0x0800f309   Thumb Code   104  foc_math.o(.text.get_middle)
    get_min                                  0x0800f371   Thumb Code   126  foc_math.o(.text.get_min)
    hw_curr_sample                           0x0800f3f1   Thumb Code   680  hwit.o(.text.hw_curr_sample)
    hw_dac_output                            0x0800f699   Thumb Code     2  hwdac.o(.text.hw_dac_output)
    hw_init                                  0x0800f6a1   Thumb Code   392  hwinit.o(.text.hw_init)
    main                                     0x0800f839   Thumb Code    72  main.o(.text.main)
    normalize                                0x0800f881   Thumb Code   144  foc_math.o(.text.normalize)
    user_init                                0x0800f911   Thumb Code     2  userinit.o(.text.user_init)
    usermain                                 0x0800f919   Thumb Code    10  usermain.o(.text.usermain)
    __ARM_fpclassifyf                        0x0800f923   Thumb Code    38  fpclassifyf.o(i.__ARM_fpclassifyf)
    __hardfp_cosf                            0x0800f949   Thumb Code   280  cosf.o(i.__hardfp_cosf)
    __hardfp_sinf                            0x0800fa99   Thumb Code   344  sinf.o(i.__hardfp_sinf)
    __mathlib_flt_infnan                     0x0800fc29   Thumb Code     6  funder.o(i.__mathlib_flt_infnan)
    __mathlib_flt_invalid                    0x0800fc31   Thumb Code    10  funder.o(i.__mathlib_flt_invalid)
    __mathlib_flt_underflow                  0x0800fc41   Thumb Code    10  funder.o(i.__mathlib_flt_underflow)
    __mathlib_rredf2                         0x0800fc51   Thumb Code   316  rredf.o(i.__mathlib_rredf2)
    __scatterload_copy                       0x0800fda5   Thumb Code    14  handlers.o(i.__scatterload_copy)
    __scatterload_null                       0x0800fdb3   Thumb Code     2  handlers.o(i.__scatterload_null)
    __scatterload_zeroinit                   0x0800fdb5   Thumb Code    14  handlers.o(i.__scatterload_zeroinit)
    __set_errno                              0x0800fdc5   Thumb Code     6  errno.o(i.__set_errno)
    D1CorePrescTable                         0x0800fdf0   Data          16  system_stm32h7xx.o(.rodata.D1CorePrescTable)
    UARTPrescTable                           0x0800fe18   Data          24  stm32h7xx_hal_uart.o(.rodata.UARTPrescTable)
    Region$$Table$$Base                      0x0800fe30   Number         0  anon$$obj.o(Region$$Table)
    Region$$Table$$Limit                     0x0800fe70   Number         0  anon$$obj.o(Region$$Table)
    SystemCoreClock                          0x20000004   Data           4  system_stm32h7xx.o(.data.SystemCoreClock)
    uwTickFreq                               0x20000008   Data           1  stm32h7xx_hal.o(.data.uwTickFreq)
    uwTickPrio                               0x2000000c   Data           4  stm32h7xx_hal.o(.data.uwTickPrio)
    Drive1_curr                              0x20000010   Data          32  userpara.o(.bss.Drive1_curr)
    Drive1_duty_abc                          0x20000030   Data          12  userpara.o(.bss.Drive1_duty_abc)
    Drive1_id_pi                             0x2000003c   Data          44  userpara.o(.bss.Drive1_id_pi)
    Drive1_idq                               0x20000068   Data           8  userpara.o(.bss.Drive1_idq)
    Drive2_AD2S                              0x20000070   Data          28  ad2s1210.o(.bss.Drive2_AD2S)
    Drive2_curr                              0x2000008c   Data          32  userpara.o(.bss.Drive2_curr)
    Drive2_iabc                              0x200000ac   Data          12  userpara.o(.bss.Drive2_iabc)
    __initial_sp                             0x200004c8   Data           0  startup_stm32h723xx.o(STACK)
    hwadc_value                              0x24000000   Data           8  userpara.o(.ARM.__at_0x24000000)
    SystemD2Clock                            0x24000008   Data           4  system_stm32h7xx.o(.data.SystemD2Clock)
    Drive1_AD2S                              0x2400000c   Data          28  ad2s1210.o(.bss.Drive1_AD2S)
    Drive1_iabc                              0x24000028   Data          12  userpara.o(.bss.Drive1_iabc)
    Drive1_iq_pi                             0x24000034   Data          44  userpara.o(.bss.Drive1_iq_pi)
    Drive1_speed_pi                          0x24000060   Data          44  userpara.o(.bss.Drive1_speed_pi)
    Drive1_uabc                              0x2400008c   Data          12  userpara.o(.bss.Drive1_uabc)
    Drive1_udq                               0x24000098   Data           8  userpara.o(.bss.Drive1_udq)
    Drive2_idq                               0x240000a0   Data           8  userpara.o(.bss.Drive2_idq)
    drive1_speed_ref                         0x240000a8   Data           4  userpara.o(.bss.drive1_speed_ref)
    hadc1                                    0x240000ac   Data         112  adc.o(.bss.hadc1)
    hdac1                                    0x2400011c   Data          20  dac.o(.bss.hdac1)
    hdma_adc1                                0x24000130   Data         120  adc.o(.bss.hdma_adc1)
    hspi1                                    0x240001a8   Data         136  spi.o(.bss.hspi1)
    hspi2                                    0x24000230   Data         136  spi.o(.bss.hspi2)
    hspi3                                    0x240002b8   Data         136  spi.o(.bss.hspi3)
    htim1                                    0x24000340   Data          76  tim.o(.bss.htim1)
    htim7                                    0x2400038c   Data          76  tim.o(.bss.htim7)
    htim8                                    0x240003d8   Data          76  tim.o(.bss.htim8)
    huart1                                   0x24000424   Data         148  usart.o(.bss.huart1)
    system_dac_value1                        0x240004c0   Data           2  userpara.o(.bss.system_dac_value1)
    system_dac_value2                        0x240004c2   Data           2  userpara.o(.bss.system_dac_value2)
    system_enable                            0x240004c4   Data           1  userpara.o(.bss.system_enable)
    uwTick                                   0x240004c8   Data           4  stm32h7xx_hal.o(.bss.uwTick)



==============================================================================

Memory Map of the image

  Image Entry point : 0x080002cd

  Load Region LR_IROM1 (Base: 0x08000000, Size: 0x0000fe8c, Max: 0x00100000, ABSOLUTE)

    Execution Region ER_IROM1 (Exec base: 0x08000000, Load base: 0x08000000, Size: 0x0000fe70, Max: 0x00100000, ABSOLUTE)

    Exec Addr    Load Addr    Size         Type   Attr      Idx    E Section Name        Object

    0x08000000   0x08000000   0x000002cc   Data   RO            3    RESET               startup_stm32h723xx.o
    0x080002cc   0x080002cc   0x00000000   Code   RO         2371  * .ARM.Collect$$$$00000000  mc_w.l(entry.o)
    0x080002cc   0x080002cc   0x00000004   Code   RO         2397    .ARM.Collect$$$$00000001  mc_w.l(entry2.o)
    0x080002d0   0x080002d0   0x00000004   Code   RO         2400    .ARM.Collect$$$$00000004  mc_w.l(entry5.o)
    0x080002d4   0x080002d4   0x00000000   Code   RO         2402    .ARM.Collect$$$$00000008  mc_w.l(entry7b.o)
    0x080002d4   0x080002d4   0x00000000   Code   RO         2404    .ARM.Collect$$$$0000000A  mc_w.l(entry8b.o)
    0x080002d4   0x080002d4   0x00000008   Code   RO         2405    .ARM.Collect$$$$0000000B  mc_w.l(entry9a.o)
    0x080002dc   0x080002dc   0x00000000   Code   RO         2407    .ARM.Collect$$$$0000000D  mc_w.l(entry10a.o)
    0x080002dc   0x080002dc   0x00000000   Code   RO         2409    .ARM.Collect$$$$0000000F  mc_w.l(entry11a.o)
    0x080002dc   0x080002dc   0x00000004   Code   RO         2398    .ARM.Collect$$$$00002712  mc_w.l(entry2.o)
    0x080002e0   0x080002e0   0x0000002c   Code   RO            4    .text               startup_stm32h723xx.o
    0x0800030c   0x0800030c   0x00000062   Code   RO         2374    .text               mc_w.l(uldiv.o)
    0x0800036e   0x0800036e   0x00000024   Code   RO         2376    .text               mc_w.l(memseta.o)
    0x08000392   0x08000392   0x0000001e   Code   RO         2411    .text               mc_w.l(llshl.o)
    0x080003b0   0x080003b0   0x00000020   Code   RO         2413    .text               mc_w.l(llushr.o)
    0x080003d0   0x080003d0   0x00000000   Code   RO         2422    .text               mc_w.l(iusefp.o)
    0x080003d0   0x080003d0   0x00000024   Code   RO         2423    .text               mc_w.l(init.o)
    0x080003f4   0x080003f4   0x00000004   PAD
    0x080003f8   0x080003f8   0x000000ac   Code   RO         2158    .text.AD2S1210_Angle_Get  ad2s1210.o
    0x080004a4   0x080004a4   0x00000004   PAD
    0x080004a8   0x080004a8   0x0000009c   Code   RO         2130    .text.AD2S1210_ChipSelect  ad2s1210.o
    0x08000544   0x08000544   0x00000004   PAD
    0x08000548   0x08000548   0x00000054   Code   RO         2142    .text.AD2S1210_DataLock  ad2s1210.o
    0x0800059c   0x0800059c   0x00000004   PAD
    0x080005a0   0x080005a0   0x00000054   Code   RO         2138    .text.AD2S1210_DataRelease  ad2s1210.o
    0x080005f4   0x080005f4   0x00000004   PAD
    0x080005f8   0x080005f8   0x00000098   Code   RO         2132    .text.AD2S1210_HW_RESET  ad2s1210.o
    0x08000690   0x08000690   0x0000007a   Code   RO         2156    .text.AD2S1210_Init  ad2s1210.o
    0x0800070a   0x0800070a   0x00000006   PAD
    0x08000710   0x08000710   0x0000010c   Code   RO         2124    .text.AD2S1210_ModeSelect  ad2s1210.o
    0x0800081c   0x0800081c   0x00000004   PAD
    0x08000820   0x08000820   0x00000080   Code   RO         2134    .text.AD2S1210_ReadPosition  ad2s1210.o
    0x080008a0   0x080008a0   0x00000080   Code   RO         2144    .text.AD2S1210_ReadVelocity  ad2s1210.o
    0x08000920   0x08000920   0x00000098   Code   RO         2160    .text.AD2S1210_Speed_Get  ad2s1210.o
    0x080009b8   0x080009b8   0x00000060   Code   RO         2136    .text.AD2S1210_UpdataRegister  ad2s1210.o
    0x08000a18   0x08000a18   0x00000042   Code   RO         2152    .text.AD2S1210_WriteRegister  ad2s1210.o
    0x08000a5a   0x08000a5a   0x00000006   PAD
    0x08000a60   0x08000a60   0x0000001c   Code   RO         2126    .text.AD2S1210_delay  ad2s1210.o
    0x08000a7c   0x08000a7c   0x00000004   PAD
    0x08000a80   0x08000a80   0x00000044   Code   RO         2128    .text.AD2S1210_para_Init  ad2s1210.o
    0x08000ac4   0x08000ac4   0x00000004   PAD
    0x08000ac8   0x08000ac8   0x0000001c   Code   RO         2266    .text.AD5676_delay  hwdac.o
    0x08000ae4   0x08000ae4   0x00000004   PAD
    0x08000ae8   0x08000ae8   0x00000040   Code   RO         2258    .text.AD5676_init   hwdac.o
    0x08000b28   0x08000b28   0x000000b2   Code   RO         2262    .text.AD5676_power_up  hwdac.o
    0x08000bda   0x08000bda   0x00000006   PAD
    0x08000be0   0x08000be0   0x00000034   Code   RO         2260    .text.AD5676_reset  hwdac.o
    0x08000c14   0x08000c14   0x00000004   PAD
    0x08000c18   0x08000c18   0x00000030   Code   RO         2268    .text.AD5676_update  hwdac.o
    0x08000c48   0x08000c48   0x000001da   Code   RO          186    .text.ADC_ConfigureBoostMode  stm32h7xx_hal_adc.o
    0x08000e22   0x08000e22   0x00000006   PAD
    0x08000e28   0x08000e28   0x000000d2   Code   RO          220    .text.ADC_DMAConvCplt  stm32h7xx_hal_adc.o
    0x08000efa   0x08000efa   0x00000006   PAD
    0x08000f00   0x08000f00   0x0000002a   Code   RO          224    .text.ADC_DMAError  stm32h7xx_hal_adc.o
    0x08000f2a   0x08000f2a   0x00000006   PAD
    0x08000f30   0x08000f30   0x00000016   Code   RO          222    .text.ADC_DMAHalfConvCplt  stm32h7xx_hal_adc.o
    0x08000f46   0x08000f46   0x00000002   PAD
    0x08000f48   0x08000f48   0x000000c4   Code   RO          192    .text.ADC_Disable   stm32h7xx_hal_adc.o
    0x0800100c   0x0800100c   0x00000004   PAD
    0x08001010   0x08001010   0x00000148   Code   RO          200    .text.ADC_Enable    stm32h7xx_hal_adc.o
    0x08001158   0x08001158   0x00000004   Code   RO          135    .text.BusFault_Handler  stm32h7xx_it.o
    0x0800115c   0x0800115c   0x00000004   PAD
    0x08001160   0x08001160   0x00000010   Code   RO          147    .text.DMA1_Stream0_IRQHandler  stm32h7xx_it.o
    0x08001170   0x08001170   0x000001ca   Code   RO          705    .text.DMA_CalcBaseAndBitshift  stm32h7xx_hal_dma.o
    0x0800133a   0x0800133a   0x00000006   PAD
    0x08001340   0x08001340   0x00000178   Code   RO          707    .text.DMA_CalcDMAMUXChannelBaseAndMask  stm32h7xx_hal_dma.o
    0x080014b8   0x080014b8   0x0000012a   Code   RO          709    .text.DMA_CalcDMAMUXRequestGenBaseAndMask  stm32h7xx_hal_dma.o
    0x080015e2   0x080015e2   0x00000006   PAD
    0x080015e8   0x080015e8   0x000000f0   Code   RO          703    .text.DMA_CheckFifoParam  stm32h7xx_hal_dma.o
    0x080016d8   0x080016d8   0x00000514   Code   RO          715    .text.DMA_SetConfig  stm32h7xx_hal_dma.o
    0x08001bec   0x08001bec   0x00000004   PAD
    0x08001bf0   0x08001bf0   0x00000002   Code   RO          141    .text.DebugMon_Handler  stm32h7xx_it.o
    0x08001bf2   0x08001bf2   0x00000006   PAD
    0x08001bf8   0x08001bf8   0x0000000c   Code   RO          149    .text.EXTI15_10_IRQHandler  stm32h7xx_it.o
    0x08001c04   0x08001c04   0x00000004   PAD
    0x08001c08   0x08001c08   0x0000000e   Code   RO           17    .text.Error_Handler  main.o
    0x08001c16   0x08001c16   0x00000002   PAD
    0x08001c18   0x08001c18   0x00000028   Code   RO         2110    .text.ExitRun0Mode  system_stm32h7xx.o
    0x08001c40   0x08001c40   0x000000e4   Code   RO          321    .text.HAL_ADCEx_Calibration_Start  stm32h7xx_hal_adc_ex.o
    0x08001d24   0x08001d24   0x00000004   PAD
    0x08001d28   0x08001d28   0x00000292   Code   RO          425    .text.HAL_ADCEx_MultiModeConfigChannel  stm32h7xx_hal_adc_ex.o
    0x08001fba   0x08001fba   0x00000006   PAD
    0x08001fc0   0x08001fc0   0x00000d2c   Code   RO          248    .text.HAL_ADC_ConfigChannel  stm32h7xx_hal_adc.o
    0x08002cec   0x08002cec   0x00000004   PAD
    0x08002cf0   0x08002cf0   0x000000e6   Code   RO         2312    .text.HAL_ADC_ConvCpltCallback  usermain.o
    0x08002dd6   0x08002dd6   0x00000002   PAD
    0x08002dd8   0x08002dd8   0x00000008   Code   RO          246    .text.HAL_ADC_ConvHalfCpltCallback  stm32h7xx_hal_adc.o
    0x08002de0   0x08002de0   0x00000008   Code   RO          244    .text.HAL_ADC_ErrorCallback  stm32h7xx_hal_adc.o
    0x08002de8   0x08002de8   0x00000502   Code   RO          166    .text.HAL_ADC_Init  stm32h7xx_hal_adc.o
    0x080032ea   0x080032ea   0x00000006   PAD
    0x080032f0   0x080032f0   0x0000018c   Code   RO           37    .text.HAL_ADC_MspInit  adc.o
    0x0800347c   0x0800347c   0x00000004   PAD
    0x08003480   0x08003480   0x0000020a   Code   RO          218    .text.HAL_ADC_Start_DMA  stm32h7xx_hal_adc.o
    0x0800368a   0x0800368a   0x00000006   PAD
    0x08003690   0x08003690   0x000002c0   Code   RO         1385    .text.HAL_DAC_ConfigChannel  stm32h7xx_hal_dac.o
    0x08003950   0x08003950   0x0000004a   Code   RO         1349    .text.HAL_DAC_Init  stm32h7xx_hal_dac.o
    0x0800399a   0x0800399a   0x00000006   PAD
    0x080039a0   0x080039a0   0x0000007e   Code   RO           52    .text.HAL_DAC_MspInit  dac.o
    0x08003a1e   0x08003a1e   0x00000002   PAD
    0x08003a20   0x08003a20   0x00000056   Code   RO         1375    .text.HAL_DAC_SetValue  stm32h7xx_hal_dac.o
    0x08003a76   0x08003a76   0x00000002   PAD
    0x08003a78   0x08003a78   0x000000be   Code   RO         1357    .text.HAL_DAC_Start  stm32h7xx_hal_dac.o
    0x08003b36   0x08003b36   0x00000002   PAD
    0x08003b38   0x08003b38   0x000011c0   Code   RO          725    .text.HAL_DMA_IRQHandler  stm32h7xx_hal_dma.o
    0x08004cf8   0x08004cf8   0x00000962   Code   RO          701    .text.HAL_DMA_Init  stm32h7xx_hal_dma.o
    0x0800565a   0x0800565a   0x00000006   PAD
    0x08005660   0x08005660   0x00000702   Code   RO          717    .text.HAL_DMA_Start_IT  stm32h7xx_hal_dma.o
    0x08005d62   0x08005d62   0x00000006   PAD
    0x08005d68   0x08005d68   0x00000042   Code   RO         1038    .text.HAL_Delay     stm32h7xx_hal.o
    0x08005daa   0x08005daa   0x00000006   PAD
    0x08005db0   0x08005db0   0x000000ba   Code   RO         2314    .text.HAL_GPIO_EXTI_Callback  usermain.o
    0x08005e6a   0x08005e6a   0x00000006   PAD
    0x08005e70   0x08005e70   0x00000034   Code   RO          661    .text.HAL_GPIO_EXTI_IRQHandler  stm32h7xx_hal_gpio.o
    0x08005ea4   0x08005ea4   0x00000004   PAD
    0x08005ea8   0x08005ea8   0x000003a8   Code   RO          649    .text.HAL_GPIO_Init  stm32h7xx_hal_gpio.o
    0x08006250   0x08006250   0x0000002e   Code   RO          653    .text.HAL_GPIO_ReadPin  stm32h7xx_hal_gpio.o
    0x0800627e   0x0800627e   0x00000002   PAD
    0x08006280   0x08006280   0x0000002e   Code   RO          655    .text.HAL_GPIO_WritePin  stm32h7xx_hal_gpio.o
    0x080062ae   0x080062ae   0x00000002   PAD
    0x080062b0   0x080062b0   0x0000000c   Code   RO         1030    .text.HAL_GetTick   stm32h7xx_hal.o
    0x080062bc   0x080062bc   0x00000004   PAD
    0x080062c0   0x080062c0   0x0000001a   Code   RO         1028    .text.HAL_IncTick   stm32h7xx_hal.o
    0x080062da   0x080062da   0x00000006   PAD
    0x080062e0   0x080062e0   0x0000007a   Code   RO         1018    .text.HAL_Init      stm32h7xx_hal.o
    0x0800635a   0x0800635a   0x00000006   PAD
    0x08006360   0x08006360   0x00000086   Code   RO         1020    .text.HAL_InitTick  stm32h7xx_hal.o
    0x080063e6   0x080063e6   0x00000002   PAD
    0x080063e8   0x080063e8   0x00000080   Code   RO          977    .text.HAL_MPU_ConfigRegion  stm32h7xx_hal_cortex.o
    0x08006468   0x08006468   0x00000022   Code   RO          969    .text.HAL_MPU_Disable  stm32h7xx_hal_cortex.o
    0x0800648a   0x0800648a   0x00000006   PAD
    0x08006490   0x08006490   0x00000030   Code   RO          971    .text.HAL_MPU_Enable  stm32h7xx_hal_cortex.o
    0x080064c0   0x080064c0   0x00000024   Code   RO          158    .text.HAL_MspInit   stm32h7xx_hal_msp.o
    0x080064e4   0x080064e4   0x00000004   PAD
    0x080064e8   0x080064e8   0x00000014   Code   RO          953    .text.HAL_NVIC_EnableIRQ  stm32h7xx_hal_cortex.o
    0x080064fc   0x080064fc   0x00000004   PAD
    0x08006500   0x08006500   0x0000002e   Code   RO          945    .text.HAL_NVIC_SetPriority  stm32h7xx_hal_cortex.o
    0x0800652e   0x0800652e   0x00000002   PAD
    0x08006530   0x08006530   0x00000010   Code   RO          941    .text.HAL_NVIC_SetPriorityGrouping  stm32h7xx_hal_cortex.o
    0x08006540   0x08006540   0x000000a2   Code   RO          858    .text.HAL_PWREx_ConfigSupply  stm32h7xx_hal_pwr_ex.o
    0x080065e2   0x080065e2   0x00000006   PAD
    0x080065e8   0x080065e8   0x00000026   Code   RO          499    .text.HAL_RCCEx_GetD3PCLK1Freq  stm32h7xx_hal_rcc_ex.o
    0x0800660e   0x0800660e   0x00000002   PAD
    0x08006610   0x08006610   0x000002ac   Code   RO          493    .text.HAL_RCCEx_GetPLL1ClockFreq  stm32h7xx_hal_rcc_ex.o
    0x080068bc   0x080068bc   0x00000004   PAD
    0x080068c0   0x080068c0   0x000002ac   Code   RO          495    .text.HAL_RCCEx_GetPLL2ClockFreq  stm32h7xx_hal_rcc_ex.o
    0x08006b6c   0x08006b6c   0x00000004   PAD
    0x08006b70   0x08006b70   0x000002ac   Code   RO          497    .text.HAL_RCCEx_GetPLL3ClockFreq  stm32h7xx_hal_rcc_ex.o
    0x08006e1c   0x08006e1c   0x00000004   PAD
    0x08006e20   0x08006e20   0x00000ad2   Code   RO          491    .text.HAL_RCCEx_GetPeriphCLKFreq  stm32h7xx_hal_rcc_ex.o
    0x080078f2   0x080078f2   0x00000006   PAD
    0x080078f8   0x080078f8   0x00000fec   Code   RO          483    .text.HAL_RCCEx_PeriphCLKConfig  stm32h7xx_hal_rcc_ex.o
    0x080088e4   0x080088e4   0x00000004   PAD
    0x080088e8   0x080088e8   0x00000498   Code   RO          452    .text.HAL_RCC_ClockConfig  stm32h7xx_hal_rcc.o
    0x08008d80   0x08008d80   0x00000056   Code   RO          462    .text.HAL_RCC_GetHCLKFreq  stm32h7xx_hal_rcc.o
    0x08008dd6   0x08008dd6   0x00000002   PAD
    0x08008dd8   0x08008dd8   0x00000026   Code   RO          464    .text.HAL_RCC_GetPCLK1Freq  stm32h7xx_hal_rcc.o
    0x08008dfe   0x08008dfe   0x00000002   PAD
    0x08008e00   0x08008e00   0x00000026   Code   RO          466    .text.HAL_RCC_GetPCLK2Freq  stm32h7xx_hal_rcc.o
    0x08008e26   0x08008e26   0x00000002   PAD
    0x08008e28   0x08008e28   0x00000310   Code   RO          454    .text.HAL_RCC_GetSysClockFreq  stm32h7xx_hal_rcc.o
    0x08009138   0x08009138   0x00000a20   Code   RO          450    .text.HAL_RCC_OscConfig  stm32h7xx_hal_rcc.o
    0x08009b58   0x08009b58   0x00000292   Code   RO         1441    .text.HAL_SPI_Init  stm32h7xx_hal_spi.o
    0x08009dea   0x08009dea   0x00000006   PAD
    0x08009df0   0x08009df0   0x000001ca   Code   RO           79    .text.HAL_SPI_MspInit  spi.o
    0x08009fba   0x08009fba   0x00000006   PAD
    0x08009fc0   0x08009fc0   0x000004d0   Code   RO         1457    .text.HAL_SPI_Receive  stm32h7xx_hal_spi.o
    0x0800a490   0x0800a490   0x000003e4   Code   RO         1451    .text.HAL_SPI_Transmit  stm32h7xx_hal_spi.o
    0x0800a874   0x0800a874   0x00000004   PAD
    0x0800a878   0x0800a878   0x0000001e   Code   RO         1068    .text.HAL_SYSCFG_AnalogSwitchConfig  stm32h7xx_hal.o
    0x0800a896   0x0800a896   0x00000002   PAD
    0x0800a898   0x0800a898   0x00000010   Code   RO          965    .text.HAL_SYSTICK_Config  stm32h7xx_hal_cortex.o
    0x0800a8a8   0x0800a8a8   0x0000012e   Code   RO         1880    .text.HAL_TIMEx_ConfigBreakDeadTime  stm32h7xx_hal_tim_ex.o
    0x0800a9d6   0x0800a9d6   0x00000002   PAD
    0x0800a9d8   0x0800a9d8   0x0000017c   Code   RO         1878    .text.HAL_TIMEx_MasterConfigSynchronization  stm32h7xx_hal_tim_ex.o
    0x0800ab54   0x0800ab54   0x00000004   PAD
    0x0800ab58   0x0800ab58   0x000001c4   Code   RO         1848    .text.HAL_TIMEx_PWMN_Start  stm32h7xx_hal_tim_ex.o
    0x0800ad1c   0x0800ad1c   0x00000004   PAD
    0x0800ad20   0x0800ad20   0x000000a8   Code   RO         1561    .text.HAL_TIM_Base_Init  stm32h7xx_hal_tim.o
    0x0800adc8   0x0800adc8   0x000000a0   Code   RO          101    .text.HAL_TIM_Base_MspInit  tim.o
    0x0800ae68   0x0800ae68   0x0000011c   Code   RO         1571    .text.HAL_TIM_Base_Start  stm32h7xx_hal_tim.o
    0x0800af84   0x0800af84   0x00000004   PAD
    0x0800af88   0x0800af88   0x00000046   Code   RO         1573    .text.HAL_TIM_Base_Stop  stm32h7xx_hal_tim.o
    0x0800afce   0x0800afce   0x00000002   PAD
    0x0800afd0   0x0800afd0   0x000001d0   Code   RO         1757    .text.HAL_TIM_ConfigClockSource  stm32h7xx_hal_tim.o
    0x0800b1a0   0x0800b1a0   0x00000140   Code   RO           95    .text.HAL_TIM_MspPostInit  tim.o
    0x0800b2e0   0x0800b2e0   0x000001b0   Code   RO         1731    .text.HAL_TIM_PWM_ConfigChannel  stm32h7xx_hal_tim.o
    0x0800b490   0x0800b490   0x000000a8   Code   RO         1615    .text.HAL_TIM_PWM_Init  stm32h7xx_hal_tim.o
    0x0800b538   0x0800b538   0x00000008   Code   RO         1617    .text.HAL_TIM_PWM_MspInit  stm32h7xx_hal_tim.o
    0x0800b540   0x0800b540   0x000002a2   Code   RO         1623    .text.HAL_TIM_PWM_Start  stm32h7xx_hal_tim.o
    0x0800b7e2   0x0800b7e2   0x00000006   PAD
    0x0800b7e8   0x0800b7e8   0x0000007c   Code   RO         2083    .text.HAL_UARTEx_DisableFifoMode  stm32h7xx_hal_uart_ex.o
    0x0800b864   0x0800b864   0x00000004   PAD
    0x0800b868   0x0800b868   0x0000008c   Code   RO         2087    .text.HAL_UARTEx_SetRxFifoThreshold  stm32h7xx_hal_uart_ex.o
    0x0800b8f4   0x0800b8f4   0x00000004   PAD
    0x0800b8f8   0x0800b8f8   0x0000008c   Code   RO         2085    .text.HAL_UARTEx_SetTxFifoThreshold  stm32h7xx_hal_uart_ex.o
    0x0800b984   0x0800b984   0x00000004   PAD
    0x0800b988   0x0800b988   0x000000aa   Code   RO         1913    .text.HAL_UART_Init  stm32h7xx_hal_uart.o
    0x0800ba32   0x0800ba32   0x00000006   PAD
    0x0800ba38   0x0800ba38   0x000000a8   Code   RO          117    .text.HAL_UART_MspInit  usart.o
    0x0800bae0   0x0800bae0   0x00000004   Code   RO          131    .text.HardFault_Handler  stm32h7xx_it.o
    0x0800bae4   0x0800bae4   0x00000004   PAD
    0x0800bae8   0x0800bae8   0x0000001c   Code   RO          312    .text.LL_ADC_Disable  stm32h7xx_hal_adc.o
    0x0800bb04   0x0800bb04   0x00000004   PAD
    0x0800bb08   0x0800bb08   0x00000018   Code   RO          172    .text.LL_ADC_DisableDeepPowerDown  stm32h7xx_hal_adc.o
    0x0800bb20   0x0800bb20   0x0000001c   Code   RO          310    .text.LL_ADC_Enable  stm32h7xx_hal_adc.o
    0x0800bb3c   0x0800bb3c   0x00000004   PAD
    0x0800bb40   0x0800bb40   0x00000012   Code   RO          228    .text.LL_ADC_EnableDMAReq  stm32h7xx_hal_adc.o
    0x0800bb52   0x0800bb52   0x00000006   PAD
    0x0800bb58   0x0800bb58   0x0000001e   Code   RO          176    .text.LL_ADC_EnableInternalRegulator  stm32h7xx_hal_adc.o
    0x0800bb76   0x0800bb76   0x00000002   PAD
    0x0800bb78   0x0800bb78   0x00000010   Code   RO          272    .text.LL_ADC_GetCommonPathInternalCh  stm32h7xx_hal_adc.o
    0x0800bb88   0x0800bb88   0x00000010   Code   RO          198    .text.LL_ADC_GetMultimode  stm32h7xx_hal_adc.o
    0x0800bb98   0x0800bb98   0x0000001e   Code   RO          264    .text.LL_ADC_GetOffsetChannel  stm32h7xx_hal_adc.o
    0x0800bbb6   0x0800bbb6   0x00000002   PAD
    0x0800bbb8   0x0800bbb8   0x00000010   Code   RO          184    .text.LL_ADC_INJ_IsConversionOngoing  stm32h7xx_hal_adc.o
    0x0800bbc8   0x0800bbc8   0x0000000e   Code   RO          325    .text.LL_ADC_IsCalibrationOnGoing  stm32h7xx_hal_adc_ex.o
    0x0800bbd6   0x0800bbd6   0x00000002   PAD
    0x0800bbd8   0x0800bbd8   0x00000010   Code   RO          170    .text.LL_ADC_IsDeepPowerDownEnabled  stm32h7xx_hal_adc.o
    0x0800bbe8   0x0800bbe8   0x00000010   Code   RO          304    .text.LL_ADC_IsDisableOngoing  stm32h7xx_hal_adc.o
    0x0800bbf8   0x0800bbf8   0x00000010   Code   RO          180    .text.LL_ADC_IsEnabled  stm32h7xx_hal_adc.o
    0x0800bc08   0x0800bc08   0x00000010   Code   RO          333    .text.LL_ADC_IsEnabled  stm32h7xx_hal_adc_ex.o
    0x0800bc18   0x0800bc18   0x00000010   Code   RO          174    .text.LL_ADC_IsInternalRegulatorEnabled  stm32h7xx_hal_adc.o
    0x0800bc28   0x0800bc28   0x00000010   Code   RO          178    .text.LL_ADC_REG_IsConversionOngoing  stm32h7xx_hal_adc.o
    0x0800bc38   0x0800bc38   0x00000010   Code   RO          335    .text.LL_ADC_REG_IsConversionOngoing  stm32h7xx_hal_adc_ex.o
    0x0800bc48   0x0800bc48   0x00000016   Code   RO          210    .text.LL_ADC_REG_IsTriggerSourceSWStart  stm32h7xx_hal_adc.o
    0x0800bc5e   0x0800bc5e   0x00000002   PAD
    0x0800bc60   0x0800bc60   0x0000002c   Code   RO          226    .text.LL_ADC_REG_SetDMATransferMode  stm32h7xx_hal_adc.o
    0x0800bc8c   0x0800bc8c   0x00000004   PAD
    0x0800bc90   0x0800bc90   0x0000001a   Code   RO          230    .text.LL_ADC_REG_SetDataTransferMode  stm32h7xx_hal_adc.o
    0x0800bcaa   0x0800bcaa   0x00000006   PAD
    0x0800bcb0   0x0800bcb0   0x0000003a   Code   RO          250    .text.LL_ADC_REG_SetSequencerRanks  stm32h7xx_hal_adc.o
    0x0800bcea   0x0800bcea   0x00000006   PAD
    0x0800bcf0   0x0800bcf0   0x0000001c   Code   RO          202    .text.LL_ADC_REG_StartConversion  stm32h7xx_hal_adc.o
    0x0800bd0c   0x0800bd0c   0x00000004   PAD
    0x0800bd10   0x0800bd10   0x0000006c   Code   RO          270    .text.LL_ADC_SetChannelPreselection  stm32h7xx_hal_adc.o
    0x0800bd7c   0x0800bd7c   0x00000004   PAD
    0x0800bd80   0x0800bd80   0x00000036   Code   RO          252    .text.LL_ADC_SetChannelSamplingTime  stm32h7xx_hal_adc.o
    0x0800bdb6   0x0800bdb6   0x00000002   PAD
    0x0800bdb8   0x0800bdb8   0x00000070   Code   RO          268    .text.LL_ADC_SetChannelSingleDiff  stm32h7xx_hal_adc.o
    0x0800be28   0x0800be28   0x0000001a   Code   RO          182    .text.LL_ADC_SetCommonClock  stm32h7xx_hal_adc.o
    0x0800be42   0x0800be42   0x00000006   PAD
    0x0800be48   0x0800be48   0x0000001a   Code   RO          274    .text.LL_ADC_SetCommonPathInternalCh  stm32h7xx_hal_adc.o
    0x0800be62   0x0800be62   0x00000006   PAD
    0x0800be68   0x0800be68   0x00000024   Code   RO          262    .text.LL_ADC_SetDataRightShift  stm32h7xx_hal_adc.o
    0x0800be8c   0x0800be8c   0x00000004   PAD
    0x0800be90   0x0800be90   0x0000005c   Code   RO          254    .text.LL_ADC_SetOffset  stm32h7xx_hal_adc.o
    0x0800beec   0x0800beec   0x00000004   PAD
    0x0800bef0   0x0800bef0   0x0000003a   Code   RO          258    .text.LL_ADC_SetOffsetSaturation  stm32h7xx_hal_adc.o
    0x0800bf2a   0x0800bf2a   0x00000006   PAD
    0x0800bf30   0x0800bf30   0x0000003a   Code   RO          256    .text.LL_ADC_SetOffsetSign  stm32h7xx_hal_adc.o
    0x0800bf6a   0x0800bf6a   0x00000006   PAD
    0x0800bf70   0x0800bf70   0x0000003c   Code   RO          260    .text.LL_ADC_SetOffsetSignedSaturation  stm32h7xx_hal_adc.o
    0x0800bfac   0x0800bfac   0x00000004   PAD
    0x0800bfb0   0x0800bfb0   0x0000004c   Code   RO          266    .text.LL_ADC_SetOffsetState  stm32h7xx_hal_adc.o
    0x0800bffc   0x0800bffc   0x00000004   PAD
    0x0800c000   0x0800c000   0x00000032   Code   RO          323    .text.LL_ADC_StartCalibration  stm32h7xx_hal_adc_ex.o
    0x0800c032   0x0800c032   0x00000006   PAD
    0x0800c038   0x0800c038   0x00000056   Code   RO           13    .text.MPU_Config    main.o
    0x0800c08e   0x0800c08e   0x00000002   PAD
    0x0800c090   0x0800c090   0x0000013a   Code   RO           35    .text.MX_ADC1_Init  adc.o
    0x0800c1ca   0x0800c1ca   0x00000006   PAD
    0x0800c1d0   0x0800c1d0   0x00000072   Code   RO           50    .text.MX_DAC1_Init  dac.o
    0x0800c242   0x0800c242   0x00000006   PAD
    0x0800c248   0x0800c248   0x00000038   Code   RO           64    .text.MX_DMA_Init   dma.o
    0x0800c280   0x0800c280   0x00000270   Code   RO           27    .text.MX_GPIO_Init  gpio.o
    0x0800c4f0   0x0800c4f0   0x0000006e   Code   RO           73    .text.MX_SPI1_Init  spi.o
    0x0800c55e   0x0800c55e   0x00000002   PAD
    0x0800c560   0x0800c560   0x0000006e   Code   RO           75    .text.MX_SPI2_Init  spi.o
    0x0800c5ce   0x0800c5ce   0x00000002   PAD
    0x0800c5d0   0x0800c5d0   0x0000006e   Code   RO           77    .text.MX_SPI3_Init  spi.o
    0x0800c63e   0x0800c63e   0x00000002   PAD
    0x0800c640   0x0800c640   0x00000164   Code   RO           93    .text.MX_TIM1_Init  tim.o
    0x0800c7a4   0x0800c7a4   0x00000004   PAD
    0x0800c7a8   0x0800c7a8   0x0000005c   Code   RO           97    .text.MX_TIM7_Init  tim.o
    0x0800c804   0x0800c804   0x00000004   PAD
    0x0800c808   0x0800c808   0x00000164   Code   RO           99    .text.MX_TIM8_Init  tim.o
    0x0800c96c   0x0800c96c   0x00000004   PAD
    0x0800c970   0x0800c970   0x00000092   Code   RO          115    .text.MX_USART1_UART_Init  usart.o
    0x0800ca02   0x0800ca02   0x00000006   PAD
    0x0800ca08   0x0800ca08   0x00000004   Code   RO          133    .text.MemManage_Handler  stm32h7xx_it.o
    0x0800ca0c   0x0800ca0c   0x00000004   PAD
    0x0800ca10   0x0800ca10   0x00000004   Code   RO          129    .text.NMI_Handler   stm32h7xx_it.o
    0x0800ca14   0x0800ca14   0x00000004   PAD
    0x0800ca18   0x0800ca18   0x0000006c   Code   RO          951    .text.NVIC_EncodePriority  stm32h7xx_hal_cortex.o
    0x0800ca84   0x0800ca84   0x00000004   PAD
    0x0800ca88   0x0800ca88   0x0000011c   Code   RO         2287    .text.PID_Calc      user_transfunc.o
    0x0800cba4   0x0800cba4   0x00000004   PAD
    0x0800cba8   0x0800cba8   0x00000030   Code   RO         2285    .text.PID_init      user_transfunc.o
    0x0800cbd8   0x0800cbd8   0x00000002   Code   RO          143    .text.PendSV_Handler  stm32h7xx_it.o
    0x0800cbda   0x0800cbda   0x00000006   PAD
    0x0800cbe0   0x0800cbe0   0x000001ca   Code   RO          485    .text.RCCEx_PLL2_Config  stm32h7xx_hal_rcc_ex.o
    0x0800cdaa   0x0800cdaa   0x00000006   PAD
    0x0800cdb0   0x0800cdb0   0x000001ca   Code   RO          487    .text.RCCEx_PLL3_Config  stm32h7xx_hal_rcc_ex.o
    0x0800cf7a   0x0800cf7a   0x00000006   PAD
    0x0800cf80   0x0800cf80   0x00000116   Code   RO         1453    .text.SPI_CloseTransfer  stm32h7xx_hal_spi.o
    0x0800d096   0x0800d096   0x00000002   PAD
    0x0800d098   0x0800d098   0x0000002a   Code   RO         1443    .text.SPI_GetPacketSize  stm32h7xx_hal_spi.o
    0x0800d0c2   0x0800d0c2   0x00000006   PAD
    0x0800d0c8   0x0800d0c8   0x00000024   Code   RO         2140    .text.SPI_ReadByte  ad2s1210.o
    0x0800d0ec   0x0800d0ec   0x00000004   PAD
    0x0800d0f0   0x0800d0f0   0x00000068   Code   RO         1455    .text.SPI_WaitOnFlagUntilTimeout  stm32h7xx_hal_spi.o
    0x0800d158   0x0800d158   0x0000001e   Code   RO         2150    .text.SPI_WriteByte  ad2s1210.o
    0x0800d176   0x0800d176   0x00000002   PAD
    0x0800d178   0x0800d178   0x00000002   Code   RO          139    .text.SVC_Handler   stm32h7xx_it.o
    0x0800d17a   0x0800d17a   0x00000006   PAD
    0x0800d180   0x0800d180   0x00000052   Code   RO          967    .text.SysTick_Config  stm32h7xx_hal_cortex.o
    0x0800d1d2   0x0800d1d2   0x00000006   PAD
    0x0800d1d8   0x0800d1d8   0x00000008   Code   RO          145    .text.SysTick_Handler  stm32h7xx_it.o
    0x0800d1e0   0x0800d1e0   0x000000cc   Code   RO           15    .text.SystemClock_Config  main.o
    0x0800d2ac   0x0800d2ac   0x00000004   PAD
    0x0800d2b0   0x0800d2b0   0x00000166   Code   RO         2106    .text.SystemInit    system_stm32h7xx.o
    0x0800d416   0x0800d416   0x00000002   PAD
    0x0800d418   0x0800d418   0x000001c4   Code   RO         1565    .text.TIM_Base_SetConfig  stm32h7xx_hal_tim.o
    0x0800d5dc   0x0800d5dc   0x00000004   PAD
    0x0800d5e0   0x0800d5e0   0x00000036   Code   RO         1599    .text.TIM_CCxChannelCmd  stm32h7xx_hal_tim.o
    0x0800d616   0x0800d616   0x00000002   PAD
    0x0800d618   0x0800d618   0x00000036   Code   RO         1832    .text.TIM_CCxNChannelCmd  stm32h7xx_hal_tim_ex.o
    0x0800d64e   0x0800d64e   0x00000002   PAD
    0x0800d650   0x0800d650   0x00000034   Code   RO         1755    .text.TIM_ETR_SetConfig  stm32h7xx_hal_tim.o
    0x0800d684   0x0800d684   0x00000004   PAD
    0x0800d688   0x0800d688   0x00000030   Code   RO         1761    .text.TIM_ITRx_SetConfig  stm32h7xx_hal_tim.o
    0x0800d6b8   0x0800d6b8   0x00000150   Code   RO         1709    .text.TIM_OC1_SetConfig  stm32h7xx_hal_tim.o
    0x0800d808   0x0800d808   0x0000016c   Code   RO         1711    .text.TIM_OC2_SetConfig  stm32h7xx_hal_tim.o
    0x0800d974   0x0800d974   0x00000004   PAD
    0x0800d978   0x0800d978   0x0000016a   Code   RO         1713    .text.TIM_OC3_SetConfig  stm32h7xx_hal_tim.o
    0x0800dae2   0x0800dae2   0x00000006   PAD
    0x0800dae8   0x0800dae8   0x000000da   Code   RO         1715    .text.TIM_OC4_SetConfig  stm32h7xx_hal_tim.o
    0x0800dbc2   0x0800dbc2   0x00000006   PAD
    0x0800dbc8   0x0800dbc8   0x000000d0   Code   RO         1717    .text.TIM_OC5_SetConfig  stm32h7xx_hal_tim.o
    0x0800dc98   0x0800dc98   0x000000d2   Code   RO         1719    .text.TIM_OC6_SetConfig  stm32h7xx_hal_tim.o
    0x0800dd6a   0x0800dd6a   0x00000006   PAD
    0x0800dd70   0x0800dd70   0x00000050   Code   RO         1759    .text.TIM_TI1_ConfigInputStage  stm32h7xx_hal_tim.o
    0x0800ddc0   0x0800ddc0   0x00000052   Code   RO         1763    .text.TIM_TI2_ConfigInputStage  stm32h7xx_hal_tim.o
    0x0800de12   0x0800de12   0x00000006   PAD
    0x0800de18   0x0800de18   0x00000086   Code   RO         2081    .text.UARTEx_SetNbDataToProcess  stm32h7xx_hal_uart_ex.o
    0x0800de9e   0x0800de9e   0x00000002   PAD
    0x0800dea0   0x0800dea0   0x00000148   Code   RO         1917    .text.UART_AdvFeatureConfig  stm32h7xx_hal_uart.o
    0x0800dfe8   0x0800dfe8   0x00000146   Code   RO         1921    .text.UART_CheckIdleState  stm32h7xx_hal_uart.o
    0x0800e12e   0x0800e12e   0x00000002   PAD
    0x0800e130   0x0800e130   0x0000009e   Code   RO         1973    .text.UART_EndRxTransfer  stm32h7xx_hal_uart.o
    0x0800e1ce   0x0800e1ce   0x00000002   PAD
    0x0800e1d0   0x0800e1d0   0x00000a4e   Code   RO         1919    .text.UART_SetConfig  stm32h7xx_hal_uart.o
    0x0800ec1e   0x0800ec1e   0x00000002   PAD
    0x0800ec20   0x0800ec20   0x0000010c   Code   RO         1935    .text.UART_WaitOnFlagUntilTimeout  stm32h7xx_hal_uart.o
    0x0800ed2c   0x0800ed2c   0x00000004   PAD
    0x0800ed30   0x0800ed30   0x00000004   Code   RO          137    .text.UsageFault_Handler  stm32h7xx_it.o
    0x0800ed34   0x0800ed34   0x00000004   PAD
    0x0800ed38   0x0800ed38   0x00000030   Code   RO          955    .text.__NVIC_EnableIRQ  stm32h7xx_hal_cortex.o
    0x0800ed68   0x0800ed68   0x00000010   Code   RO          947    .text.__NVIC_GetPriorityGrouping  stm32h7xx_hal_cortex.o
    0x0800ed78   0x0800ed78   0x00000042   Code   RO          949    .text.__NVIC_SetPriority  stm32h7xx_hal_cortex.o
    0x0800edba   0x0800edba   0x00000006   PAD
    0x0800edc0   0x0800edc0   0x0000003c   Code   RO          943    .text.__NVIC_SetPriorityGrouping  stm32h7xx_hal_cortex.o
    0x0800edfc   0x0800edfc   0x00000004   PAD
    0x0800ee00   0x0800ee00   0x00000100   Code   RO         2174    .text.abc_2_dq      coordinate_transform.o
    0x0800ef00   0x0800ef00   0x0000005c   Code   RO         2191    .text.adc_2_curr    curr_sample.o
    0x0800ef5c   0x0800ef5c   0x00000004   PAD
    0x0800ef60   0x0800ef60   0x00000060   Code   RO         2122    .text.delay_us      ad2s1210.o
    0x0800efc0   0x0800efc0   0x000000dc   Code   RO         2180    .text.dq_2_abc      coordinate_transform.o
    0x0800f09c   0x0800f09c   0x00000004   PAD
    0x0800f0a0   0x0800f0a0   0x0000010c   Code   RO         2346    .text.drive_foc_calc  drivefoc.o
    0x0800f1ac   0x0800f1ac   0x00000004   PAD
    0x0800f1b0   0x0800f1b0   0x000000d4   Code   RO         2221    .text.e_svpwm       svpwm.o
    0x0800f284   0x0800f284   0x00000004   PAD
    0x0800f288   0x0800f288   0x0000007e   Code   RO         2201    .text.get_max       foc_math.o
    0x0800f306   0x0800f306   0x00000002   PAD
    0x0800f308   0x0800f308   0x00000068   Code   RO         2205    .text.get_middle    foc_math.o
    0x0800f370   0x0800f370   0x0000007e   Code   RO         2203    .text.get_min       foc_math.o
    0x0800f3ee   0x0800f3ee   0x00000002   PAD
    0x0800f3f0   0x0800f3f0   0x000002a8   Code   RO         2237    .text.hw_curr_sample  hwit.o
    0x0800f698   0x0800f698   0x00000002   Code   RO         2264    .text.hw_dac_output  hwdac.o
    0x0800f69a   0x0800f69a   0x00000006   PAD
    0x0800f6a0   0x0800f6a0   0x00000188   Code   RO         2250    .text.hw_init       hwinit.o
    0x0800f828   0x0800f828   0x0000000c   Code   RO         2310    .text.init          usermain.o
    0x0800f834   0x0800f834   0x00000004   PAD
    0x0800f838   0x0800f838   0x00000048   Code   RO           11    .text.main          main.o
    0x0800f880   0x0800f880   0x00000090   Code   RO         2199    .text.normalize     foc_math.o
    0x0800f910   0x0800f910   0x00000002   Code   RO         2300    .text.user_init     userinit.o
    0x0800f912   0x0800f912   0x00000006   PAD
    0x0800f918   0x0800f918   0x0000000a   Code   RO         2308    .text.usermain      usermain.o
    0x0800f922   0x0800f922   0x00000026   Code   RO         2378    i.__ARM_fpclassifyf  m_wv.l(fpclassifyf.o)
    0x0800f948   0x0800f948   0x00000150   Code   RO         2353    i.__hardfp_cosf     m_wv.l(cosf.o)
    0x0800fa98   0x0800fa98   0x00000190   Code   RO         2359    i.__hardfp_sinf     m_wv.l(sinf.o)
    0x0800fc28   0x0800fc28   0x00000006   Code   RO         2381    i.__mathlib_flt_infnan  m_wv.l(funder.o)
    0x0800fc2e   0x0800fc2e   0x00000002   PAD
    0x0800fc30   0x0800fc30   0x00000010   Code   RO         2383    i.__mathlib_flt_invalid  m_wv.l(funder.o)
    0x0800fc40   0x0800fc40   0x00000010   Code   RO         2386    i.__mathlib_flt_underflow  m_wv.l(funder.o)
    0x0800fc50   0x0800fc50   0x00000154   Code   RO         2394    i.__mathlib_rredf2  m_wv.l(rredf.o)
    0x0800fda4   0x0800fda4   0x0000000e   Code   RO         2427    i.__scatterload_copy  mc_w.l(handlers.o)
    0x0800fdb2   0x0800fdb2   0x00000002   Code   RO         2428    i.__scatterload_null  mc_w.l(handlers.o)
    0x0800fdb4   0x0800fdb4   0x0000000e   Code   RO         2429    i.__scatterload_zeroinit  mc_w.l(handlers.o)
    0x0800fdc2   0x0800fdc2   0x00000002   PAD
    0x0800fdc4   0x0800fdc4   0x0000000c   Code   RO         2417    i.__set_errno       mc_w.l(errno.o)
    0x0800fdd0   0x0800fdd0   0x00000020   Data   RO         2395    .constdata          m_wv.l(rredf.o)
    0x0800fdf0   0x0800fdf0   0x00000010   Data   RO         2114    .rodata.D1CorePrescTable  system_stm32h7xx.o
    0x0800fe00   0x0800fe00   0x00000008   Data   RO          735    .rodata.DMA_CalcBaseAndBitshift.flagBitshiftOffset  stm32h7xx_hal_dma.o
    0x0800fe08   0x0800fe08   0x00000008   Data   RO         2098    .rodata.UARTEx_SetNbDataToProcess.denominator  stm32h7xx_hal_uart_ex.o
    0x0800fe10   0x0800fe10   0x00000008   Data   RO         2097    .rodata.UARTEx_SetNbDataToProcess.numerator  stm32h7xx_hal_uart_ex.o
    0x0800fe18   0x0800fe18   0x00000018   Data   RO         2053    .rodata.UARTPrescTable  stm32h7xx_hal_uart.o
    0x0800fe30   0x0800fe30   0x00000040   Data   RO         2426    Region$$Table       anon$$obj.o


    Execution Region RW_IRAM1 (Exec base: 0x20000000, Load base: 0x0800fe70, Size: 0x000004c8, Max: 0x00020000, ABSOLUTE)

    Exec Addr    Load Addr    Size         Type   Attr      Idx    E Section Name        Object

    0x20000000   0x0800fe70   0x00000004   Data   RW         2418    .data               mc_w.l(errno.o)
    0x20000004   0x0800fe74   0x00000004   Data   RW         2112    .data.SystemCoreClock  system_stm32h7xx.o
    0x20000008   0x0800fe78   0x00000001   Data   RW         1127    .data.uwTickFreq    stm32h7xx_hal.o
    0x20000009   0x0800fe79   0x00000003   PAD
    0x2000000c   0x0800fe7c   0x00000004   Data   RW         1126    .data.uwTickPrio    stm32h7xx_hal.o
    0x20000010        -       0x00000020   Zero   RW         2334    .bss.Drive1_curr    userpara.o
    0x20000030        -       0x0000000c   Zero   RW         2333    .bss.Drive1_duty_abc  userpara.o
    0x2000003c        -       0x0000002c   Zero   RW         2329    .bss.Drive1_id_pi   userpara.o
    0x20000068        -       0x00000008   Zero   RW         2336    .bss.Drive1_idq     userpara.o
    0x20000070        -       0x0000001c   Zero   RW         2163    .bss.Drive2_AD2S    ad2s1210.o
    0x2000008c        -       0x00000020   Zero   RW         2338    .bss.Drive2_curr    userpara.o
    0x200000ac        -       0x0000000c   Zero   RW         2339    .bss.Drive2_iabc    userpara.o
    0x200000b8        -       0x00000004   Zero   RW         2239    .bss.hw_curr_sample.adc_cnt  hwit.o
    0x200000bc        -       0x00000004   Zero   RW         2241    .bss.hw_curr_sample.adc_v1_offset_sum  hwit.o
    0x200000c0        -       0x00000004   Zero   RW         2243    .bss.hw_curr_sample.adc_v2_offset_sum  hwit.o
    0x200000c4   0x0800fe80   0x00000004   PAD
    0x200000c8        -       0x00000400   Zero   RW            1    STACK               startup_stm32h723xx.o


    Execution Region RW_IRAM2 (Exec base: 0x24000000, Load base: 0x0800fe80, Size: 0x000004cc, Max: 0x00020000, ABSOLUTE)

    Exec Addr    Load Addr    Size         Type   Attr      Idx    E Section Name        Object

    0x24000000   0x0800fe80   0x00000008   Data   RW         2327    .ARM.__at_0x24000000  userpara.o
    0x24000008   0x0800fe88   0x00000004   Data   RW         2113    .data.SystemD2Clock  system_stm32h7xx.o
    0x2400000c        -       0x0000001c   Zero   RW         2162    .bss.Drive1_AD2S    ad2s1210.o
    0x24000028        -       0x0000000c   Zero   RW         2335    .bss.Drive1_iabc    userpara.o
    0x24000034        -       0x0000002c   Zero   RW         2330    .bss.Drive1_iq_pi   userpara.o
    0x24000060        -       0x0000002c   Zero   RW         2328    .bss.Drive1_speed_pi  userpara.o
    0x2400008c        -       0x0000000c   Zero   RW         2332    .bss.Drive1_uabc    userpara.o
    0x24000098        -       0x00000008   Zero   RW         2331    .bss.Drive1_udq     userpara.o
    0x240000a0        -       0x00000008   Zero   RW         2340    .bss.Drive2_idq     userpara.o
    0x240000a8        -       0x00000004   Zero   RW         2337    .bss.drive1_speed_ref  userpara.o
    0x240000ac        -       0x00000070   Zero   RW           41    .bss.hadc1          adc.o
    0x2400011c        -       0x00000014   Zero   RW           56    .bss.hdac1          dac.o
    0x24000130        -       0x00000078   Zero   RW           42    .bss.hdma_adc1      adc.o
    0x240001a8        -       0x00000088   Zero   RW           83    .bss.hspi1          spi.o
    0x24000230        -       0x00000088   Zero   RW           84    .bss.hspi2          spi.o
    0x240002b8        -       0x00000088   Zero   RW           85    .bss.hspi3          spi.o
    0x24000340        -       0x0000004c   Zero   RW          105    .bss.htim1          tim.o
    0x2400038c        -       0x0000004c   Zero   RW          106    .bss.htim7          tim.o
    0x240003d8        -       0x0000004c   Zero   RW          107    .bss.htim8          tim.o
    0x24000424        -       0x00000094   Zero   RW          121    .bss.huart1         usart.o
    0x240004b8        -       0x00000004   Zero   RW         2240    .bss.hw_curr_sample.adc_u1_offset_sum  hwit.o
    0x240004bc        -       0x00000004   Zero   RW         2242    .bss.hw_curr_sample.adc_u2_offset_sum  hwit.o
    0x240004c0        -       0x00000002   Zero   RW         2325    .bss.system_dac_value1  userpara.o
    0x240004c2        -       0x00000002   Zero   RW         2326    .bss.system_dac_value2  userpara.o
    0x240004c4        -       0x00000001   Zero   RW         2323    .bss.system_enable  userpara.o
    0x240004c5   0x0800fe8c   0x00000003   PAD
    0x240004c8        -       0x00000004   Zero   RW         1128    .bss.uwTick         stm32h7xx_hal.o


==============================================================================

Image component sizes


      Code (inc. data)   RO Data    RW Data    ZI Data      Debug   Object Name

      1866         20          0          0         56       8487   ad2s1210.o
       710          0          0          0        232       9217   adc.o
       476         16          0          0          0       1989   coordinate_transform.o
        92          4          0          0          0        924   curr_sample.o
       240          0          0          0         20       5998   dac.o
        56          0          0          0          0       5221   dma.o
       268          8          0          0          0        494   drivefoc.o
       500         16          0          0          0       2109   foc_math.o
       624          0          0          0          0       6117   gpio.o
       372          0          0          0          0       2244   hwdac.o
       392         24          0          0          0        712   hwinit.o
       680          4          0          0         20       5793   hwit.o
       376          0          0          0          0       2829   main.o
       788          0          0          0        408       8811   spi.o
        44         12        716          0       1024        844   startup_stm32h723xx.o
       390          0          0          5          4      14595   stm32h7xx_hal.o
      7634          0          0          0          0      24927   stm32h7xx_hal_adc.o
       982          0          0          0          0      23505   stm32h7xx_hal_adc_ex.o
       688          0          0          0          0      11464   stm32h7xx_hal_cortex.o
      1054          0          0          0          0       8146   stm32h7xx_hal_dac.o
     11412          8          8          0          0      12444   stm32h7xx_hal_dma.o
      1080          0          0          0          0       7003   stm32h7xx_hal_gpio.o
        36          0          0          0          0       2228   stm32h7xx_hal_msp.o
       162          0          0          0          0       9296   stm32h7xx_hal_pwr_ex.o
      4714         66          0          0          0      11392   stm32h7xx_hal_rcc.o
      9852        118          0          0          0      18681   stm32h7xx_hal_rcc_ex.o
      3310          0          0          0          0      20721   stm32h7xx_hal_spi.o
      4734         22          0          0          0      37379   stm32h7xx_hal_tim.o
      1188          0          0          0          0      18043   stm32h7xx_hal_tim_ex.o
      3888        342         24          0          0      29303   stm32h7xx_hal_uart.o
       538          0         16          0          0       8850   stm32h7xx_hal_uart_ex.o
        62          0          0          0          0       1350   stm32h7xx_it.o
       212          0          0          0          0        915   svpwm.o
       398          0         16          8          0       5566   system_stm32h7xx.o
      1284          0          0          0        228       8882   tim.o
       314          0          0          0        148       7979   usart.o
       332          0          0          0          0       2531   user_transfunc.o
         2          0          0          0          0        362   userinit.o
       438          0          0          0          0       5851   usermain.o
         0          0          0          8        277       1904   userpara.o

    ----------------------------------------------------------------------
     62806        688        844         24       2424     355106   Object Totals
         0          0         64          0          0          0   (incl. Generated)
       618         28          0          3          7          0   (incl. Padding)

    ----------------------------------------------------------------------

      Code (inc. data)   RO Data    RW Data    ZI Data      Debug   Library Member Name

       336         56          0          0          0        136   cosf.o
        38          0          0          0          0        116   fpclassifyf.o
        38         12          0          0          0        348   funder.o
       340         24         32          0          0        160   rredf.o
       400         56          0          0          0        212   sinf.o
         0          0          0          0          0          0   entry.o
         0          0          0          0          0          0   entry10a.o
         0          0          0          0          0          0   entry11a.o
         8          4          0          0          0          0   entry2.o
         4          0          0          0          0          0   entry5.o
         0          0          0          0          0          0   entry7b.o
         0          0          0          0          0          0   entry8b.o
         8          4          0          0          0          0   entry9a.o
        12          6          0          4          0         68   errno.o
        30          0          0          0          0          0   handlers.o
        36          8          0          0          0         68   init.o
         0          0          0          0          0          0   iusefp.o
        30          0          0          0          0         68   llshl.o
        32          0          0          0          0         68   llushr.o
        36          0          0          0          0        108   memseta.o
        98          0          0          0          0         92   uldiv.o

    ----------------------------------------------------------------------
      1454        174         32          4          0       1444   Library Totals
         8          4          0          0          0          0   (incl. Padding)

    ----------------------------------------------------------------------

      Code (inc. data)   RO Data    RW Data    ZI Data      Debug   Library Name

      1152        148         32          0          0        972   m_wv.l
       294         22          0          4          0        472   mc_w.l

    ----------------------------------------------------------------------
      1454        174         32          4          0       1444   Library Totals

    ----------------------------------------------------------------------

==============================================================================


      Code (inc. data)   RO Data    RW Data    ZI Data      Debug   

     64260        862        876         28       2424     355310   Grand Totals
     64260        862        876         28       2424     355310   ELF Image Totals
     64260        862        876         28          0          0   ROM Totals

==============================================================================

    Total RO  Size (Code + RO Data)                65136 (  63.61kB)
    Total RW  Size (RW Data + ZI Data)              2452 (   2.39kB)
    Total ROM Size (Code + RO Data + RW Data)      65164 (  63.64kB)

==============================================================================

